Microchip MPLAB XC8 Compiler V2.41

Linker command line:

-W-3 \
  --edf=C:\Program Files\Microchip\xc8\v2.41\pic\dat\20230208172133_en.msgs \
  -cn -h+dist/default/production\TEST04.X.production.sym \
  --cmf=dist/default/production\TEST04.X.production.cmf -z -Q18F47J53 \
  -oC:\Users\nosak\AppData\Local\Temp\xcAsh5c.\driver_tmp_3.o \
  --defsym=__MPLAB_BUILD=1 --fixupoverflow=error \
  -Mdist/default/production/TEST04.X.production.map \
  --md=C:\Users\nosak\AppData\Local\Temp\xcAsh5c.\driver_tmp_0.dat -E1 \
  -ver=XC8 Compiler --acfsm=1493 -ACODE=00h-01FFF7h -ACONST=00h-01FFF7h \
  -ASMALLCONST=01000h-010FFhx495,01FF00h-01FFF7h \
  -AMEDIUMCONST=01000h-0FFFFh,011000h-01FFF7h -ACOMRAM=01h-05Fh \
  -AABS1=00h-0EAFh -ABIGRAM=01h-0EAFh \
  -ARAM=060h-0FFh,0100h-01FFhx13,0E00h-0EAFh -ABANK0=060h-0FFh \
  -ABANK1=0100h-01FFh -ABANK2=0200h-02FFh -ABANK3=0300h-03FFh \
  -ABANK4=0400h-04FFh -ABANK5=0500h-05FFh -ABANK6=0600h-06FFh \
  -ABANK7=0700h-07FFh -ABANK8=0800h-08FFh -ABANK9=0900h-09FFh \
  -ABANK10=0A00h-0AFFh -ABANK11=0B00h-0BFFh -ABANK12=0C00h-0CFFh \
  -ABANK13=0D00h-0DFFh -ABANK14=0E00h-0EAFh \
  -ASFR=0EB0h-0EFFh,0F00h-0F5Fh,0F60h-0FFFh -ABIGSFR=0EB0h-0FFFh \
  -ACONFIG=01FFF8h-01FFFFh \
  -preset_vec=00h,intcode=08h,intcodelo=018h,powerup,init -pramtop=01000h \
  -psmallconst=SMALLCONST -pmediumconst=MEDIUMCONST -pconst=CONST \
  -AFARRAM=00h-00h -pjflash_buffer=01F800h \
  -prdata=COMRAM,nvrram=COMRAM,nvbit=COMRAM,rbss=COMRAM,rbit=COMRAM \
  -pfarbss=FARRAM,fardata=FARRAM,nvFARRAM=FARRAM \
  -pintsave_regs=BIGRAM,bigbss=BIGRAM,bigdata=BIGRAM -pbss=RAM \
  -pidata=CODE,irdata=CODE,ibigdata=CODE,ifardata=CODE -prparam=COMRAM \
  C:\Users\nosak\AppData\Local\Temp\xcAsh5c.\driver_tmp_14.o \
  dist/default/production\TEST04.X.production.o 

Object code version is 3.11

Machine type is 18F47J53



                Name                               Link     Load   Length Selector   Space Scale
C:\Users\nosak\AppData\Local\Temp\xcAsh5c.\driver_tmp_14.o
                config                            1FFF8    1FFF8        8        0       4
                init                                 26       26        4        C       0
                reset_vec                             0        0        4        0       0
dist/default/production\TEST04.X.production.o
                intcodelo                            18       18        E        C       0
                intcode                               8        8        6        4       0
                config                            1FFF8    1FFF8        8        0       4
                temp                                 5D       5D        1        1       1
                mediumconst                        F8EA     F8EA      716     7C75       0
                intcode_body                      12AF8    12AF8        4     9571       0
                text36                            129DE    129DE       38     8000       0
                text35                            1098C    1098C      42A     8000       0
                text34                            129A6    129A6       38     8000       0
                text33                            104CC    104CC      4C0     8000       0
                text32                            128DC    128DC       46     8000       0
                text31                            11F9A    11F9A      106     8000       0
                text30                            11766    11766      1B4     8000       0
                text29                            12516    12516       C4     8000       0
                text28                            12A66    12A66       26     8000       0
                text27                            11C1C    11C1C      148     8000       0
                text26                            115B0    115B0      1B6     8000       0
                text25                            12AAE    12AAE       1C     8000       0
                text24                            12684    12684       84     8000       0
                text23                            10DB6    10DB6      358     8000       0
                text22                            11D64    11D64      12A     8000       0
                text21                            11E8E    11E8E      10C     8000       0
                text20                            12292    12292       EC     8000       0
                text19                            12966    12966       40     8000       0
                text18                            12AE2    12AE2       16     9571       0
                text17                            1244C    1244C       CA     8000       0
                text16                            12922    12922       44     8000       0
                text15                            125DA    125DA       AA     8000       0
                text14                            113B0    113B0      200     8000       0
                text13                            1237E    1237E       CE     8000       0
                text12                            1288C    1288C       50     8000       0
                text11                            1191A    1191A      192     8000       0
                text10                            1219C    1219C       F6     8000       0
                text9                             11AAC    11AAC      170     8000       0
                text8                             10000    10000      4CC     8000       0
                text7                             1283A    1283A       52     8000       0
                text6                             12A40    12A40       26     8000       0
                text5                             12708    12708       82     8000       0
                text4                             1110E    1110E      2A2     8000       0
                text3                             12A8C    12A8C       22     8000       0
                text2                             12A16    12A16       2A     8000       0
                text1                             127E2    127E2       58     8000       0
                text0                             120A0    120A0       FC     8000       0
                cstackCOMRAM                          1        1       5B        1       1
                cstackBANK0                          B3       B3       1C       60       1
                bssBIGRAM                           140      140      248      140       1
                bssBANK1                            100      100       40      100       1
                dataBANK0                            CF       CF       17       60       1
                bssBANK0                             60       60       53       60       1
                bssCOMRAM                            5C       5C        1        1       1
                cinit                             1278A    1278A       58     8000       0
                idataBANK0                        12ACA    12ACA       17     8000       0

TOTAL           Name                               Link     Load   Length     Space
        CLASS   CODE           
                intcodelo                            18       18        E         0
                intcode                               8        8        6         0
                init                                 26       26        4         0
                reset_vec                             0        0        4         0
                intcode_body                      12AF8    12AF8        4         0
                text36                            129DE    129DE       38         0
                text35                            1098C    1098C      42A         0
                text34                            129A6    129A6       38         0
                text33                            104CC    104CC      4C0         0
                text32                            128DC    128DC       46         0
                text31                            11F9A    11F9A      106         0
                text30                            11766    11766      1B4         0
                text29                            12516    12516       C4         0
                text28                            12A66    12A66       26         0
                text27                            11C1C    11C1C      148         0
                text26                            115B0    115B0      1B6         0
                text25                            12AAE    12AAE       1C         0
                text24                            12684    12684       84         0
                text23                            10DB6    10DB6      358         0
                text22                            11D64    11D64      12A         0
                text21                            11E8E    11E8E      10C         0
                text20                            12292    12292       EC         0
                text19                            12966    12966       40         0
                text18                            12AE2    12AE2       16         0
                text17                            1244C    1244C       CA         0
                text16                            12922    12922       44         0
                text15                            125DA    125DA       AA         0
                text14                            113B0    113B0      200         0
                text13                            1237E    1237E       CE         0
                text12                            1288C    1288C       50         0
                text11                            1191A    1191A      192         0
                text10                            1219C    1219C       F6         0
                text9                             11AAC    11AAC      170         0
                text8                             10000    10000      4CC         0
                text7                             1283A    1283A       52         0
                text6                             12A40    12A40       26         0
                text5                             12708    12708       82         0
                text4                             1110E    1110E      2A2         0
                text3                             12A8C    12A8C       22         0
                text2                             12A16    12A16       2A         0
                text1                             127E2    127E2       58         0
                text0                             120A0    120A0       FC         0
                cinit                             1278A    1278A       58         0
                idataBANK0                        12ACA    12ACA       17         0

        CLASS   CONST          

        CLASS   SMALLCONST     

        CLASS   MEDIUMCONST    
                mediumconst                        F8EA     F8EA      716         0

        CLASS   COMRAM         
                temp                                 5D       5D        1         1
                cstackCOMRAM                          1        1       5B         1
                bssCOMRAM                            5C       5C        1         1

        CLASS   ABS1           

        CLASS   BIGRAM         
                bssBIGRAM                           140      140      248         1

        CLASS   RAM            

        CLASS   BANK0          
                cstackBANK0                          B3       B3       1C         1
                dataBANK0                            CF       CF       17         1
                bssBANK0                             60       60       53         1

        CLASS   BANK1          
                bssBANK1                            100      100       40         1

        CLASS   BANK2          

        CLASS   BANK3          

        CLASS   BANK4          

        CLASS   BANK5          

        CLASS   BANK6          

        CLASS   BANK7          

        CLASS   BANK8          

        CLASS   BANK9          

        CLASS   BANK10         

        CLASS   BANK11         

        CLASS   BANK12         

        CLASS   BANK13         

        CLASS   BANK14         

        CLASS   SFR            

        CLASS   BIGSFR         

        CLASS   CONFIG         
                config                            1FFF8    1FFF8        8         4

        CLASS   FARRAM         

        CLASS   HEAP           

        CLASS   STACK          

        CLASS   IDLOC          



SEGMENTS        Name                           Load    Length   Top    Selector   Space  Class

                reset_vec                      000000  000004  000004         0       0  CODE    
                cstackCOMRAM                   000001  00005D  00005E         1       1  COMRAM  
                intcode                        000008  000006  00000E         4       0  CODE    
                intcodelo                      000018  000012  00002A         C       0  CODE    
                bssBANK0                       000060  000086  0000E6        60       1  BANK0   
                bssBANK1                       000100  000040  000140       100       1  BANK1   
                bssBIGRAM                      000140  000248  000388       140       1  BIGRAM  
                mediumconst                    00F8EA  000716  010000      7C75       0  MEDIUMCO
                text8                          010000  002AE1  012AE1      8000       0  CODE    
                text18                         012AE2  00001A  012AFC      9571       0  CODE    


UNUSED ADDRESS RANGES

        Name                Unused          Largest block    Delta
        BANK0            000E6-000FF              1A
        BANK10           00A00-00AFF             100
        BANK11           00B00-00BFF             100
        BANK12           00C00-00CFF             100
        BANK13           00D00-00DFF             100
        BANK14           00E00-00EAF              B0
        BANK3            00388-003FF              78
        BANK4            00400-004FF             100
        BANK5            00500-005FF             100
        BANK6            00600-006FF             100
        BANK7            00700-007FF             100
        BANK8            00800-008FF             100
        BANK9            00900-009FF             100
        BIGRAM           0005E-0005F               2
                         000E6-000FF              1A
                         00388-00EAF             B28
        BIGSFR           00EB0-00FFF             150
        CODE             00004-00007               4
                         0000E-00017               A
                         0002A-0F8E9            F8C0
                         12AE1-12AE1               1
                         12AFC-1FFF7            D4FC
        COMRAM           0005E-0005F               2
        CONST            00004-00007               4
                         0000E-00017               A
                         0002A-0F8E9            F8C0
                         12AE1-12AE1               1
                         12AFC-1FFF7            D4FC
        MEDIUMCONST      01000-0F8E9            E8EA
                         12AE1-12AE1               1
                         12AFC-1FFF7            D4FC
        RAM              000E6-000FF              1A
                         00388-00EAF             100
        SFR              00EB0-00FFF              60
        SMALLCONST       01000-0F8E9             100
                         12AE1-12AE1               1
                         12AFC-1FFF7             100

                                  Symbol Table

?_Xprintf                   cstackBANK0   000B3
?___aldiv                   cstackCOMRAM  00002
?___almod                   cstackCOMRAM  00002
?___awdiv                   cstackCOMRAM  00002
?___fladd                   cstackCOMRAM  00002
?___flmul                   cstackCOMRAM  00002
?___flneg                   cstackCOMRAM  00002
?___flsub                   cstackCOMRAM  00012
?___fltol                   cstackCOMRAM  00002
?___wmul                    cstackCOMRAM  00002
?___xxtofl                  cstackCOMRAM  00002
?_abs                       cstackCOMRAM  0000C
?_getch                     cstackCOMRAM  00002
?_my_putchar                cstackCOMRAM  00002
?_my_putfloat               cstackCOMRAM  0001B
?_my_putint                 cstackCOMRAM  0000A
?_my_puts                   cstackCOMRAM  00005
?_my_putshex                cstackCOMRAM  00002
?_my_putshex32              cstackCOMRAM  00002
?_printf                    cstackCOMRAM  0004E
?_read_prec_or_width        cstackCOMRAM  00008
?_strlen                    cstackCOMRAM  00002
?_strncmp                   cstackCOMRAM  00002
?_vfprintf                  cstackCOMRAM  00046
Set_UasrtBauRaite@dt        cstackCOMRAM  00002
Wait@i                      cstackCOMRAM  00005
Wait@num                    cstackCOMRAM  00002
Xprintf@ap                  cstackBANK0   000C9
Xprintf@buffer              cstackBANK0   000CB
Xprintf@charvalue           cstackBANK0   000C1
Xprintf@floatvalue          cstackBANK0   000BB
Xprintf@intvalue            cstackBANK0   000BF
Xprintf@string              cstackBANK0   000B3
Xprintf@uint32value         cstackBANK0   000C5
Xprintf@uintvalue           cstackBANK0   000C3
_ANCON0                     (abs)         00F48
_ANCON1                     (abs)         00F49
_BAUDCON1                   (abs)         00F7E
_BAUDCON2                   (abs)         00F7C
_BAUDCON2bits               (abs)         00F7C
_CharConv                   dataBANK0     000CF
_ConvC                      mediumconst   0F8EB
_Deb_menue00                mediumconst   0F904
_Deb_menue01                mediumconst   0FA12
_Deb_menue02                mediumconst   0FB21
_EECON2                     (abs)         00FA7
_FSEN                       (abs)         079CA
_INTCON                     (abs)         00FF2
_INTCON2                    (abs)         00FF1
_INTCON3                    (abs)         00FF0
_IPR1                       (abs)         00F9F
_IPR2                       (abs)         00FA2
_IPR3                       (abs)         00FA5
_IPR4                       (abs)         00F90
_IPR5                       (abs)         00F99
_LATAbits                   (abs)         00F89
_LATBbits                   (abs)         00F8A
_MenueList                  mediumconst   0F8FB
_OSCCON                     (abs)         00FD3
_OSCCON2                    (abs)         00F87
_OSCTUNE                    (abs)         00F9B
_PIE1                       (abs)         00F9D
_PIE2                       (abs)         00FA0
_PIE3                       (abs)         00FA3
_PIE4                       (abs)         00F8E
_PIE5                       (abs)         00F91
_PIR1                       (abs)         00F9E
_PIR2                       (abs)         00FA1
_PIR3                       (abs)         00FA4
_PIR3bits                   (abs)         00FA4
_PIR4                       (abs)         00F8F
_PIR5                       (abs)         00F98
_PLLEN                      (abs)         07CDE
_PORTA                      (abs)         00F80
_PORTB                      (abs)         00F81
_PORTC                      (abs)         00F82
_PORTD                      (abs)         00F83
_PPSCONbits                 (abs)         00EBF
_RBPU                       (abs)         07F8F
_RCON                       (abs)         00FD0
_RCREG2                     (abs)         00FAA
_RCSTA1                     (abs)         00FAC
_RCSTA1bits                 (abs)         00FAC
_RCSTA2                     (abs)         00F9C
_RCSTA2bits                 (abs)         00F9C
_RPINR16                    (abs)         00EF7
_RPOR23                     (abs)         00ED7
_SPBRG1                     (abs)         00FB0
_SPBRG2                     (abs)         00FAB
_SPBRGH1                    (abs)         00F7F
_SPBRGH2                    (abs)         00F7D
_SSP1ADD                    (abs)         00FC8
_SSP1CON1                   (abs)         00FC6
_SSP1CON2                   (abs)         00FC5
_SSP1STAT                   (abs)         00FC7
_SSP2ADD                    (abs)         00F74
_SSP2CON1                   (abs)         00F72
_SSP2CON2                   (abs)         00F71
_SSP2STAT                   (abs)         00F73
_Set_UasrtBauRaite          text2         12A16
_TRISA                      (abs)         00F92
_TRISAbits                  (abs)         00F92
_TRISB                      (abs)         00F93
_TRISBbits                  (abs)         00F93
_TRISC                      (abs)         00F94
_TRISD                      (abs)         00F95
_TRISDbits                  (abs)         00F95
_TRISE                      (abs)         00F96
_TXREG2                     (abs)         00FA9
_TXSTA1                     (abs)         00FAD
_TXSTA2                     (abs)         00FA8
_TXSTA2bits                 (abs)         00FA8
_Wait                       text36        129DE
_Xprintf                    text4         1110E
__HRAM                      (abs)         00000
__H__absolute__             __absolute__  00000
__Habs1                     abs1          00000
__Hbank0                    bank0         00000
__Hbank1                    bank1         00000
__Hbank10                   bank10        00000
__Hbank11                   bank11        00000
__Hbank12                   bank12        00000
__Hbank13                   bank13        00000
__Hbank14                   bank14        00000
__Hbank2                    bank2         00000
__Hbank3                    bank3         00000
__Hbank4                    bank4         00000
__Hbank5                    bank5         00000
__Hbank6                    bank6         00000
__Hbank7                    bank7         00000
__Hbank8                    bank8         00000
__Hbank9                    bank9         00000
__Hbigbss                   bigbss        00000
__Hbigdata                  bigdata       00000
__Hbigram                   bigram        00000
__Hbigsfr                   bigsfr        00000
__Hbss                      bss           00000
__HbssBANK0                 bssBANK0      00000
__HbssBANK1                 bssBANK1      00000
__HbssBIGRAM                bssBIGRAM     00000
__HbssCOMRAM                bssCOMRAM     00000
__Hcinit                    cinit         00000
__Hclrtext                  clrtext       00000
__Hcomram                   comram        00000
__Hconfig                   config        20000
__Hconst                    const         00000
__HcstackBANK0              cstackBANK0   00000
__HcstackCOMRAM             cstackCOMRAM  00000
__Hdata                     data          00000
__HdataBANK0                dataBANK0     00000
__Hfarbss                   farbss        00000
__Hfardata                  fardata       00000
__Hheap                     heap          00000
__Hibigdata                 ibigdata      00000
__Hidata                    idata         00000
__HidataBANK0               idataBANK0    00000
__Hidloc                    idloc         00000
__Hifardata                 ifardata      00000
__Hinit                     init          0002A
__Hintcode                  intcode       0000E
__Hintcode_body             intcode_body  00000
__Hintcodelo                intcodelo     00026
__Hintentry                 intentry      00000
__Hintret                   intret        00000
__Hintsave_regs             intsave_regs  00000
__Hirdata                   irdata        00000
__Hjflash_buffer            jflash_buffer 1F800
__Hmediumconst              mediumconst   10000
__HnvFARRAM                 nvFARRAM      00000
__Hnvbit                    nvbit         00000
__Hnvrram                   nvrram        00000
__Hparam                    rparam        00000
__Hpowerup                  powerup       00026
__Hram                      ram           00000
__Hramtop                   ramtop        01000
__Hrbit                     rbit          00000
__Hrbss                     rbss          00000
__Hrdata                    rdata         00000
__Hreset_vec                reset_vec     00004
__Hrparam                   rparam        00000
__Hsfr                      sfr           00000
__Hsmallconst               smallconst    00000
__Hspace_0                  (abs)         1F800
__Hspace_1                  (abs)         00388
__Hspace_2                  (abs)         00000
__Hspace_4                  (abs)         3FFF8
__Hstack                    stack         00000
__Hstruct                   struct        00000
__Htemp                     temp          0005E
__Htext                     text          00000
__Htext0                    text0         00000
__Htext1                    text1         00000
__Htext10                   text10        00000
__Htext11                   text11        00000
__Htext12                   text12        00000
__Htext13                   text13        00000
__Htext14                   text14        00000
__Htext15                   text15        00000
__Htext16                   text16        00000
__Htext17                   text17        00000
__Htext18                   text18        00000
__Htext19                   text19        00000
__Htext2                    text2         00000
__Htext20                   text20        00000
__Htext21                   text21        00000
__Htext22                   text22        00000
__Htext23                   text23        00000
__Htext24                   text24        00000
__Htext25                   text25        00000
__Htext26                   text26        00000
__Htext27                   text27        00000
__Htext28                   text28        00000
__Htext29                   text29        00000
__Htext3                    text3         00000
__Htext30                   text30        00000
__Htext31                   text31        00000
__Htext32                   text32        00000
__Htext33                   text33        00000
__Htext34                   text34        00000
__Htext35                   text35        00000
__Htext36                   text36        00000
__Htext4                    text4         00000
__Htext5                    text5         00000
__Htext6                    text6         00000
__Htext7                    text7         00000
__Htext8                    text8         00000
__Htext9                    text9         00000
__LRAM                      (abs)         00001
__L__absolute__             __absolute__  00000
__Labs1                     abs1          00000
__Lbank0                    bank0         00000
__Lbank1                    bank1         00000
__Lbank10                   bank10        00000
__Lbank11                   bank11        00000
__Lbank12                   bank12        00000
__Lbank13                   bank13        00000
__Lbank14                   bank14        00000
__Lbank2                    bank2         00000
__Lbank3                    bank3         00000
__Lbank4                    bank4         00000
__Lbank5                    bank5         00000
__Lbank6                    bank6         00000
__Lbank7                    bank7         00000
__Lbank8                    bank8         00000
__Lbank9                    bank9         00000
__Lbigbss                   bigbss        00000
__Lbigdata                  bigdata       00000
__Lbigram                   bigram        00000
__Lbigsfr                   bigsfr        00000
__Lbss                      bss           00000
__LbssBANK0                 bssBANK0      00000
__LbssBANK1                 bssBANK1      00000
__LbssBIGRAM                bssBIGRAM     00000
__LbssCOMRAM                bssCOMRAM     00000
__Lcinit                    cinit         00000
__Lclrtext                  clrtext       00000
__Lcomram                   comram        00000
__Lconfig                   config        00000
__Lconst                    const         00000
__LcstackBANK0              cstackBANK0   00000
__LcstackCOMRAM             cstackCOMRAM  00000
__Ldata                     data          00000
__LdataBANK0                dataBANK0     00000
__Lfarbss                   farbss        00000
__Lfardata                  fardata       00000
__Lheap                     heap          00000
__Libigdata                 ibigdata      00000
__Lidata                    idata         00000
__LidataBANK0               idataBANK0    00000
__Lidloc                    idloc         00000
__Lifardata                 ifardata      00000
__Linit                     init          00026
__Lintcode                  intcode       00008
__Lintcode_body             intcode_body  00000
__Lintcodelo                intcodelo     00018
__Lintentry                 intentry      00000
__Lintret                   intret        00000
__Lintsave_regs             intsave_regs  00000
__Lirdata                   irdata        00000
__Ljflash_buffer            jflash_buffer 1F800
__Lmediumconst              mediumconst   0F8EA
__LnvFARRAM                 nvFARRAM      00000
__Lnvbit                    nvbit         00000
__Lnvrram                   nvrram        00000
__Lparam                    rparam        00000
__Lpowerup                  powerup       00026
__Lram                      ram           00000
__Lramtop                   ramtop        01000
__Lrbit                     rbit          00000
__Lrbss                     rbss          00000
__Lrdata                    rdata         00000
__Lreset_vec                reset_vec     00000
__Lrparam                   rparam        00000
__Lsfr                      sfr           00000
__Lsmallconst               smallconst    00000
__Lspace_0                  (abs)         00000
__Lspace_1                  (abs)         00000
__Lspace_2                  (abs)         00000
__Lspace_4                  (abs)         00000
__Lstack                    stack         00000
__Lstruct                   struct        00000
__Ltemp                     temp          0005D
__Ltext                     text          00000
__Ltext0                    text0         00000
__Ltext1                    text1         00000
__Ltext10                   text10        00000
__Ltext11                   text11        00000
__Ltext12                   text12        00000
__Ltext13                   text13        00000
__Ltext14                   text14        00000
__Ltext15                   text15        00000
__Ltext16                   text16        00000
__Ltext17                   text17        00000
__Ltext18                   text18        00000
__Ltext19                   text19        00000
__Ltext2                    text2         00000
__Ltext20                   text20        00000
__Ltext21                   text21        00000
__Ltext22                   text22        00000
__Ltext23                   text23        00000
__Ltext24                   text24        00000
__Ltext25                   text25        00000
__Ltext26                   text26        00000
__Ltext27                   text27        00000
__Ltext28                   text28        00000
__Ltext29                   text29        00000
__Ltext3                    text3         00000
__Ltext30                   text30        00000
__Ltext31                   text31        00000
__Ltext32                   text32        00000
__Ltext33                   text33        00000
__Ltext34                   text34        00000
__Ltext35                   text35        00000
__Ltext36                   text36        00000
__Ltext4                    text4         00000
__Ltext5                    text5         00000
__Ltext6                    text6         00000
__Ltext7                    text7         00000
__Ltext8                    text8         00000
__Ltext9                    text9         00000
__S0                        (abs)         12AFC
__S1                        (abs)         00388
__S4                        (abs)         00000
___aldiv                    text21        11E8E
___aldiv@counter            cstackCOMRAM  0000A
___aldiv@dividend           cstackCOMRAM  00002
___aldiv@divisor            cstackCOMRAM  00006
___aldiv@quotient           cstackCOMRAM  0000C
___aldiv@sign               cstackCOMRAM  0000B
___almod                    text20        12292
___almod@counter            cstackCOMRAM  0000A
___almod@dividend           cstackCOMRAM  00002
___almod@divisor            cstackCOMRAM  00006
___almod@sign               cstackCOMRAM  0000B
___awdiv                    text29        12516
___awdiv@counter            cstackCOMRAM  00006
___awdiv@dividend           cstackCOMRAM  00002
___awdiv@divisor            cstackCOMRAM  00004
___awdiv@quotient           cstackCOMRAM  00008
___awdiv@sign               cstackCOMRAM  00007
___fladd                    text33        104CC
___fladd@a                  cstackCOMRAM  00006
___fladd@aexp               cstackCOMRAM  0000F
___fladd@b                  cstackCOMRAM  00002
___fladd@bexp               cstackCOMRAM  00010
___fladd@grs                cstackCOMRAM  00011
___fladd@signs              cstackCOMRAM  0000E
___flmul                    text35        1098C
___flmul@a                  cstackCOMRAM  00006
___flmul@aexp               cstackCOMRAM  00013
___flmul@b                  cstackCOMRAM  00002
___flmul@bexp               cstackCOMRAM  00014
___flmul@grs                cstackCOMRAM  0000F
___flmul@prod               cstackCOMRAM  00015
___flmul@sign               cstackCOMRAM  0000E
___flmul@temp               cstackCOMRAM  00019
___flneg                    text34        129A6
___flneg@f1                 cstackCOMRAM  00002
___flsub                    text32        128DC
___flsub@a                  cstackCOMRAM  00016
___flsub@b                  cstackCOMRAM  00012
___fltol                    text31        11F9A
___fltol@exp1               cstackCOMRAM  0000B
___fltol@f1                 cstackCOMRAM  00002
___fltol@sign1              cstackCOMRAM  0000A
___heap_hi                  (abs)         00000
___heap_lo                  (abs)         00000
___inthi_sp                 stack         00000
___intlo_sp                 stack         00000
___param_bank               (abs)         00000
___rparam_used              (abs)         00001
___sp                       stack         00000
___wmul                     text28        12A66
___wmul@multiplicand        cstackCOMRAM  00004
___wmul@multiplier          cstackCOMRAM  00002
___wmul@product             cstackCOMRAM  00006
___xxtofl                   text30        11766
___xxtofl@arg               cstackCOMRAM  0000C
___xxtofl@exp               cstackCOMRAM  0000B
___xxtofl@sign              cstackCOMRAM  0000A
___xxtofl@val               cstackCOMRAM  00002
__accesstop                 (abs)         00060
__activetblptr              (abs)         00003
__end_of_ConvC              mediumconst   0F8FB
__end_of_Deb_menue00        mediumconst   0FA12
__end_of_Deb_menue01        mediumconst   0FAA8
__end_of_Deb_menue02        mediumconst   0FB3F
__end_of_MenueList          mediumconst   0F904
__end_of_Set_UasrtBauRaite  text2         12A40
__end_of_Wait               text36        12A16
__end_of_Xprintf            text4         113B0
__end_of___aldiv            text21        11F9A
__end_of___almod            text20        1237E
__end_of___awdiv            text29        125DA
__end_of___fladd            text33        1098C
__end_of___flmul            text35        10DB6
__end_of___flneg            text34        129DE
__end_of___flsub            text32        12922
__end_of___fltol            text31        120A0
__end_of___wmul             text28        12A8C
__end_of___xxtofl           text30        1191A
__end_of__initialization    cinit         127D8
__end_of_abs                text19        129A6
__end_of_com_list           mediumconst   0FB21
__end_of_dtoa               text14        115B0
__end_of_fputc              text17        12516
__end_of_fputs              text16        12966
__end_of_getch              text3         12AAE
__end_of_high_isr           intcode_body  12AFC
__end_of_low_isr            intcodelo     00026
__end_of_main               text0         1219C
__end_of_my_putchar         text25        12ACA
__end_of_my_putfloat        text26        11766
__end_of_my_putint          text27        11D64
__end_of_my_puts            text24        12708
__end_of_my_putshex         text23        1110E
__end_of_my_putshex32       text22        11E8E
__end_of_pad                text15        12684
__end_of_printf             text6         12A66
__end_of_putch              text18        12AF8
__end_of_putstring          text5         1278A
__end_of_read_prec_or_width text13        1244C
__end_of_stoa               text11        11AAC
__end_of_strlen             text12        128DC
__end_of_strncmp            text10        12292
__end_of_uart_init          text1         1283A
__end_of_vfpfcnvrt          text8         104CC
__end_of_vfprintf           text7         1288C
__end_of_xtoa               text9         11C1C
__initialization            cinit         1278A
__mediumconst               mediumconst   0F8EA
__pbssBANK0                 bssBANK0      00060
__pbssBANK1                 bssBANK1      00100
__pbssBIGRAM                bssBIGRAM     00140
__pbssCOMRAM                bssCOMRAM     0005C
__pcinit                    cinit         1278A
__pcstackBANK0              cstackBANK0   000B3
__pcstackCOMRAM             cstackCOMRAM  00001
__pdataBANK0                dataBANK0     000CF
__pidataBANK0               idataBANK0    12ACA
__pintcode                  intcode       00008
__pintcode_body             intcode_body  12AF8
__pintcodelo                intcodelo     00018
__pmediumconst              mediumconst   0F8EA
__ptext0                    text0         120A0
__ptext1                    text1         127E2
__ptext10                   text10        1219C
__ptext11                   text11        1191A
__ptext12                   text12        1288C
__ptext13                   text13        1237E
__ptext14                   text14        113B0
__ptext15                   text15        125DA
__ptext16                   text16        12922
__ptext17                   text17        1244C
__ptext18                   text18        12AE2
__ptext19                   text19        12966
__ptext2                    text2         12A16
__ptext20                   text20        12292
__ptext21                   text21        11E8E
__ptext22                   text22        11D64
__ptext23                   text23        10DB6
__ptext24                   text24        12684
__ptext25                   text25        12AAE
__ptext26                   text26        115B0
__ptext27                   text27        11C1C
__ptext28                   text28        12A66
__ptext29                   text29        12516
__ptext3                    text3         12A8C
__ptext30                   text30        11766
__ptext31                   text31        11F9A
__ptext32                   text32        128DC
__ptext33                   text33        104CC
__ptext34                   text34        129A6
__ptext35                   text35        1098C
__ptext36                   text36        129DE
__ptext4                    text4         1110E
__ptext5                    text5         12708
__ptext6                    text6         12A40
__ptext7                    text7         1283A
__ptext8                    text8         10000
__ptext9                    text9         11AAC
__ramtop                    ramtop        01000
__smallconst                smallconst    00000
_abs                        text19        12966
_com_list                   mediumconst   0FAA8
_dbuf                       bssBANK0      00091
_dev_menue_type             bssBANK0      00068
_dtoa                       text14        113B0
_dtoa$1519                  cstackCOMRAM  00024
_flags                      bssCOMRAM     0005C
_fputc                      text17        1244C
_fputs                      text16        12922
_getch                      text3         12A8C
_high_isr                   intcode       00008
_i2c_sens_cnt               bssBANK0      00066
_input_char_step            bssBANK0      00069
_input_pos                  bssBANK0      00064
_input_string               bssBANK0      0006D
_intbuf                     bssBANK0      000B1
_log_dt                     bssBIGRAM     00140
_log_onoff                  bssBANK0      0006B
_log_sem                    bssBANK0      0006C
_log_stop                   bssBANK0      0006A
_loginfo_buf                bssBANK1      00100
_low_isr                    intcodelo     00018
_main                       text0         120A0
_my_putchar                 text25        12AAE
_my_putfloat                text26        115B0
_my_putint                  text27        11C1C
_my_puts                    text24        12684
_my_putshex                 text23        10DB6
_my_putshex32               text22        11D64
_pad                        text15        125DA
_prec                       bssBANK0      00062
_printf                     text6         12A40
_putch                      text18        12AE2
_putstring                  text5         12708
_read_prec_or_width         text13        1237E
_stoa                       text11        1191A
_strlen                     text12        1288C
_strncmp                    text10        1219C
_uart_init                  text1         127E2
_vfpfcnvrt                  text8         10000
_vfpfcnvrt$1565             cstackCOMRAM  0003D
_vfprintf                   text7         1283A
_width                      bssBANK0      00060
_xtoa                       text9         11AAC
_xtoa$1538                  cstackCOMRAM  00028
abs@a                       cstackCOMRAM  0000C
btemp                       temp          0005D
dtoa@d                      cstackCOMRAM  00020
dtoa@fp                     cstackCOMRAM  0001E
dtoa@i                      cstackCOMRAM  0002A
dtoa@p                      cstackCOMRAM  00026
dtoa@s                      cstackCOMRAM  0002C
dtoa@w                      cstackCOMRAM  00028
end_of_initialization       cinit         127D8
fputc@c                     cstackCOMRAM  00003
fputc@fp                    cstackCOMRAM  00005
fputs@c                     cstackCOMRAM  00010
fputs@fp                    cstackCOMRAM  0000E
fputs@i                     cstackCOMRAM  00011
fputs@s                     cstackCOMRAM  0000C
int$flags                   temp          0005D
int_func                    intcode_body  12AF8
intlevel0                   text          00000
intlevel1                   text          00000
intlevel2                   text          00000
intlevel3                   text          00000
isa$std                     (abs)         00001
isa$xinst                   (abs)         00000
main@ch                     cstackBANK0   000CD
my_putchar@buf              cstackCOMRAM  00002
my_putchar@c                cstackCOMRAM  00004
my_putfloat@buf             cstackCOMRAM  00021
my_putfloat@count           cstackCOMRAM  00024
my_putfloat@digit_950       cstackCOMRAM  00028
my_putfloat@fracPart        cstackCOMRAM  0002A
my_putfloat@intPart         cstackCOMRAM  00026
my_putfloat@num             cstackCOMRAM  0001B
my_putfloat@precision       cstackCOMRAM  0001F
my_putint@buf               cstackCOMRAM  0000C
my_putint@keta              cstackCOMRAM  00010
my_putint@num               cstackCOMRAM  0000A
my_putint@temp              cstackCOMRAM  0000E
my_puts@buf                 cstackCOMRAM  00007
my_puts@str                 cstackCOMRAM  00005
my_putshex32@buf            cstackCOMRAM  00006
my_putshex32@dt             cstackCOMRAM  00002
my_putshex32@i              cstackCOMRAM  00012
my_putshex32@sw             cstackCOMRAM  00011
my_putshex@buf              cstackCOMRAM  00005
my_putshex@dt               cstackCOMRAM  00002
my_putshex@flg              cstackCOMRAM  00004
my_putshex@sw               cstackCOMRAM  0000A
pad@buf                     cstackCOMRAM  00015
pad@fp                      cstackCOMRAM  00013
pad@i                       cstackCOMRAM  0001A
pad@p                       cstackCOMRAM  00017
pad@w                       cstackCOMRAM  0001C
printf@ap                   cstackCOMRAM  0005A
printf@fmt                  cstackCOMRAM  0004E
putch@c                     cstackCOMRAM  00002
putstring@c                 cstackCOMRAM  00003
putstring@i                 cstackCOMRAM  00007
read_prec_or_width@ap       cstackCOMRAM  0000A
read_prec_or_width@c        cstackCOMRAM  0000E
read_prec_or_width@fmt      cstackCOMRAM  00008
read_prec_or_width@n        cstackCOMRAM  0000F
stackhi                     (abs)         00000
stacklo                     (abs)         00000
start                       init          00026
start_initialization        cinit         1278A
stoa@F1156                  dataBANK0     000DF
stoa@cp                     cstackCOMRAM  0001C
stoa@fp                     cstackCOMRAM  0000C
stoa@i                      cstackCOMRAM  00018
stoa@l                      cstackCOMRAM  00020
stoa@nuls                   cstackCOMRAM  00011
stoa@p                      cstackCOMRAM  0001E
stoa@s                      cstackCOMRAM  0000E
stoa@w                      cstackCOMRAM  0001A
strlen@a                    cstackCOMRAM  00004
strlen@s                    cstackCOMRAM  00002
strncmp@_l                  cstackCOMRAM  00002
strncmp@_r                  cstackCOMRAM  00004
strncmp@l                   cstackCOMRAM  00009
strncmp@n                   cstackCOMRAM  00006
strncmp@r                   cstackCOMRAM  0000B
ttemp5                      temp          0005E
ttemp6                      temp          00061
ttemp7                      temp          00065
uart_init@dt                cstackCOMRAM  00004
vfpfcnvrt@ap                cstackCOMRAM  00035
vfpfcnvrt@c                 cstackCOMRAM  00043
vfpfcnvrt@convarg           cstackCOMRAM  0003F
vfpfcnvrt@cp                cstackCOMRAM  00044
vfpfcnvrt@done              cstackCOMRAM  0003B
vfpfcnvrt@fmt               cstackCOMRAM  00033
vfpfcnvrt@fp                cstackCOMRAM  00031
vfprintf@ap                 cstackCOMRAM  0004A
vfprintf@cfmt               cstackCOMRAM  0004C
vfprintf@fmt                cstackCOMRAM  00048
vfprintf@fp                 cstackCOMRAM  00046
wtemp8                      temp          0005E
xtoa@c                      cstackCOMRAM  00030
xtoa@d                      cstackCOMRAM  00020
xtoa@fp                     cstackCOMRAM  0001E
xtoa@i                      cstackCOMRAM  0002E
xtoa@p                      cstackCOMRAM  0002A
xtoa@w                      cstackCOMRAM  0002C


MODULE INFORMATION

Module		Function		Class		Link	Load	Size
C:\Program Files\Microchip\xc8\v2.41\pic\sources\c99\common\almod.c
		___almod       		CODE           	12292	0000	236

C:\Program Files\Microchip\xc8\v2.41\pic\sources\c99\common\almod.c estimated size: 236

C:\Program Files\Microchip\xc8\v2.41\pic\sources\c99\common\fltol.c
		___fltol       		CODE           	11F9A	0000	262

C:\Program Files\Microchip\xc8\v2.41\pic\sources\c99\common\fltol.c estimated size: 262

C:\Program Files\Microchip\xc8\v2.41\pic\sources\c99\common\xxtofl.c
		___xxtofl      		CODE           	11766	0000	436

C:\Program Files\Microchip\xc8\v2.41\pic\sources\c99\common\xxtofl.c estimated size: 436

C:\Program Files\Microchip\xc8\v2.41\pic\sources\c99\common\strlen.c
		_strlen        		CODE           	1288C	0000	80

C:\Program Files\Microchip\xc8\v2.41\pic\sources\c99\common\strlen.c estimated size: 80

C:\Program Files\Microchip\xc8\v2.41\pic\sources\c99\common\nf_fputc.c
		_fputc         		CODE           	1244C	0000	202

C:\Program Files\Microchip\xc8\v2.41\pic\sources\c99\common\nf_fputc.c estimated size: 202

C:\Program Files\Microchip\xc8\v2.41\pic\sources\c99\common\sprcadd.c
		___flsub       		CODE           	128DC	0000	70
		___fladd       		CODE           	104CC	0000	1216

C:\Program Files\Microchip\xc8\v2.41\pic\sources\c99\common\sprcadd.c estimated size: 1286

C:\Program Files\Microchip\xc8\v2.41\pic\sources\c99\common\awdiv.c
		___awdiv       		CODE           	12516	0000	196

C:\Program Files\Microchip\xc8\v2.41\pic\sources\c99\common\awdiv.c estimated size: 196

C:\Program Files\Microchip\xc8\v2.41\pic\sources\c99\common\aldiv.c
		___aldiv       		CODE           	11E8E	0000	268

C:\Program Files\Microchip\xc8\v2.41\pic\sources\c99\common\aldiv.c estimated size: 268

C:\Program Files\Microchip\xc8\v2.41\pic\sources\c99\common\abs.c
		_abs           		CODE           	12966	0000	64

C:\Program Files\Microchip\xc8\v2.41\pic\sources\c99\common\abs.c estimated size: 64

C:\Program Files\Microchip\xc8\v2.41\pic\sources\c99\common\doprnt.c
		_read_prec_or_width		CODE           	1237E	0000	206
		_vfpfcnvrt     		CODE           	10000	0000	1228
		_pad           		CODE           	125DA	0000	170
		_dtoa          		CODE           	113B0	0000	512
		_vfprintf      		CODE           	1283A	0000	82
		_stoa          		CODE           	1191A	0000	402
		_xtoa          		CODE           	11AAC	0000	368

C:\Program Files\Microchip\xc8\v2.41\pic\sources\c99\common\doprnt.c estimated size: 2968

C:\Program Files\Microchip\xc8\v2.41\pic\sources\c99\common\flneg.c
		___flneg       		CODE           	129A6	0000	56

C:\Program Files\Microchip\xc8\v2.41\pic\sources\c99\common\flneg.c estimated size: 56

shared
		_com_list      		MEDIUMCONST    	FAA8	0000	121
		__initialization		CODE           	1278A	0000	78
		_Deb_menue00   		MEDIUMCONST    	F904	0000	270
		_Deb_menue01   		MEDIUMCONST    	FA12	0000	150
		_Deb_menue02   		MEDIUMCONST    	FB21	0000	30
		_ConvC         		MEDIUMCONST    	F8EB	0000	16
		_MenueList     		MEDIUMCONST    	F8FB	0000	9

shared estimated size: 674

C:\Program Files\Microchip\xc8\v2.41\pic\sources\c99\common\Umul16.c
		___wmul        		CODE           	12A66	0000	38

C:\Program Files\Microchip\xc8\v2.41\pic\sources\c99\common\Umul16.c estimated size: 38

C:\Program Files\Microchip\xc8\v2.41\pic\sources\c99\common\nf_fputs.c
		_fputs         		CODE           	12922	0000	68

C:\Program Files\Microchip\xc8\v2.41\pic\sources\c99\common\nf_fputs.c estimated size: 68

main.c
		_main          		CODE           	120A0	0000	252
		_Wait          		CODE           	129DE	0000	56

main.c estimated size: 308

uart_main.c
		_putstring     		CODE           	12708	0000	130
		_putch         		CODE           	12AE2	0000	22
		_Xprintf       		CODE           	1110E	0000	674
		_uart_init     		CODE           	127E2	0000	88
		_Set_UasrtBauRaite		CODE           	12A16	0000	42
		_my_puts       		CODE           	12684	0000	132
		_my_putchar    		CODE           	12AAE	0000	28
		_my_putshex    		CODE           	10DB6	0000	856
		_getch         		CODE           	12A8C	0000	34
		_my_putshex32  		CODE           	11D64	0000	298
		_my_putfloat   		CODE           	115B0	0000	438
		_my_putint     		CODE           	11C1C	0000	328

uart_main.c estimated size: 3070

C:\Program Files\Microchip\xc8\v2.41\pic\sources\c99\common\strncmp.c
		_strncmp       		CODE           	1219C	0000	246

C:\Program Files\Microchip\xc8\v2.41\pic\sources\c99\common\strncmp.c estimated size: 246

C:\Program Files\Microchip\xc8\v2.41\pic\sources\c99\common\sprcmul.c
		___flmul       		CODE           	1098C	0000	1066

C:\Program Files\Microchip\xc8\v2.41\pic\sources\c99\common\sprcmul.c estimated size: 1066

system.c
		_high_isr      		CODE           	0008	0000	10
		_low_isr       		CODE           	0018	0000	14

system.c estimated size: 24

C:\Program Files\Microchip\xc8\v2.41\pic\sources\c99\common\printf.c
		_printf        		CODE           	12A40	0000	38

C:\Program Files\Microchip\xc8\v2.41\pic\sources\c99\common\printf.c estimated size: 38

