Microchip MPLAB XC8 Compiler V2.41

Linker command line:

-W-3 \
  --edf=C:\Program Files\Microchip\xc8\v2.41\pic\dat\20230208172133_en.msgs \
  -cn -h+dist/default/production\RTOS_TEST03.X.production.sym \
  --cmf=dist/default/production\RTOS_TEST03.X.production.cmf -z -Q18F47J53 \
  -oC:\Users\nosak\AppData\Local\Temp\xcAsh44.\driver_tmp_3.o \
  --defsym=__MPLAB_BUILD=1 --fixupoverflow=error \
  -Mdist/default/production/RTOS_TEST03.X.production.map \
  --md=C:\Users\nosak\AppData\Local\Temp\xcAsh44.\driver_tmp_0.dat -E1 \
  -ver=XC8 Compiler --acfsm=1493 -ACODE=00h-01FFF7h -ACONST=00h-01FFF7h \
  -ASMALLCONST=01000h-010FFhx495,01FF00h-01FFF7h \
  -AMEDIUMCONST=01000h-0FFFFh,011000h-01FFF7h -ACOMRAM=01h-05Fh \
  -AABS1=00h-0EAFh -ABIGRAM=01h-0EAFh \
  -ARAM=060h-0FFh,0100h-01FFhx13,0E00h-0EAFh -ABANK0=060h-0FFh \
  -ABANK1=0100h-01FFh -ABANK2=0200h-02FFh -ABANK3=0300h-03FFh \
  -ABANK4=0400h-04FFh -ABANK5=0500h-05FFh -ABANK6=0600h-06FFh \
  -ABANK7=0700h-07FFh -ABANK8=0800h-08FFh -ABANK9=0900h-09FFh \
  -ABANK10=0A00h-0AFFh -ABANK11=0B00h-0BFFh -ABANK12=0C00h-0CFFh \
  -ABANK13=0D00h-0DFFh -ABANK14=0E00h-0EAFh \
  -ASFR=0EB0h-0EFFh,0F00h-0F5Fh,0F60h-0FFFh -ABIGSFR=0EB0h-0FFFh \
  -ACONFIG=01FFF8h-01FFFFh \
  -preset_vec=00h,intcode=08h,intcodelo,powerup,init -pramtop=01000h \
  -psmallconst=SMALLCONST -pmediumconst=MEDIUMCONST -pconst=CONST \
  -AFARRAM=00h-00h -pjflash_buffer=01F800h \
  -prdata=COMRAM,nvrram=COMRAM,nvbit=COMRAM,rbss=COMRAM,rbit=COMRAM \
  -pfarbss=FARRAM,fardata=FARRAM,nvFARRAM=FARRAM \
  -pintsave_regs=BIGRAM,bigbss=BIGRAM,bigdata=BIGRAM -pbss=RAM \
  -pidata=CODE,irdata=CODE,ibigdata=CODE,ifardata=CODE -prparam=COMRAM \
  C:\Users\nosak\AppData\Local\Temp\xcAsh44.\driver_tmp_9.o \
  dist/default/production\RTOS_TEST03.X.production.o 

Object code version is 3.11

Machine type is 18F47J53



                Name                               Link     Load   Length Selector   Space Scale
C:\Users\nosak\AppData\Local\Temp\xcAsh44.\driver_tmp_9.o
                config                            1FFF8    1FFF8        8        0       4
                init                                2F6      2F6        4        4       0
                reset_vec                             0        0        4        0       0
dist/default/production\RTOS_TEST03.X.production.o
                intcode                               8        8      2EE        4       0
                config                            1FFF8    1FFF8        8        0       4
                temp                                 5F       5F        1        1       1
                mediumconst                        F846     F846      7BA     7C23       0
                text73                            169A6    169A6       16     8000       0
                text72                            161B2    161B2       AE     8000       0
                text71                            11B30    11B30      42A     8000       0
                text70                            16888    16888       38     8000       0
                text69                            104C2    104C2      4C0     8000       0
                text68                            167CC    167CC       46     8000       0
                text67                            15D84    15D84      106     8000       0
                text66                            148DC    148DC      1B4     8000       0
                text65                            16034    16034       C4     8000       0
                text64                            16914    16914       26     8000       0
                text63                            1533A    1533A      148     8000       0
                text62                            14726    14726      1B6     8000       0
                text61                            1695A    1695A       1C     8000       0
                text60                            1660C    1660C       52     8000       0
                text59                            126B2    126B2      366     8000       0
                text58                            15810    15810      12A     8000       0
                text57                            1647E    1647E       82     8000       0
                text56                            12D1A    12D1A      2FC     8000       0
                text55                            156E2    156E2      12E     8000       0
                text54                            16784    16784       48     8000       0
                text53                            10E2A    10E2A      49A     8000       0
                text51                            1698E    1698E       18     8000       0
                text50                            16812    16812       3C     8000       0
                text49                            168C0    168C0       2C     8000       0
                text48                            1655C    1655C       5C     8000       0
                text47                            16976    16976       18     8000       0
                text46                            160F8    160F8       BA     8000       0
                text45                            11704    11704      42C     8000       0
                text44                            1684E    1684E       3A     8000       0
                text43                            10000    10000      4C2     8000       0
                text42                            1673C    1673C       48     8000       0
                text41                            15C7C    15C7C      108     8000       0
                text40                            1456E    1456E      1B8     8000       0
                text39                            15F6E    15F6E       C6     8000       0
                text38                            168EC    168EC       28     8000       0
                text37                            151E4    151E4      156     8000       0
                text36                            143AE    143AE      1C0     8000       0
                text35                            1693A    1693A       20     8000       0
                text34                            165B8    165B8       54     8000       0
                text33                            1234A    1234A      368     8000       0
                text32                            155B2    155B2      130     8000       0
                text31                            162EE    162EE       88     8000       0
                text30                            12A18    12A18      302     8000       0
                text29                            11F5A    11F5A      3F0     8000       0
                text28                            16260    16260       8E     8000       0
                text27                            16500    16500       5C     8000       0
                text26                            163FC    163FC       82     8000       0
                text25                            16376    16376       86     8000       0
                text24                            13016    13016      280     8000       0
                text23                            15E8A    15E8A       E4     8000       0
                text22                            141E8    141E8      1C6     8000       0
                text21                            169D0    169D0        6     8000       0
                text20                            15482    15482      130     8000       0
                text19                            1593A    1593A      11E     8000       0
                text18                            166F4    166F4       48     8000       0
                text17                            10982    10982      4A8     8000       0
                text16                            112C4    112C4      440     8000       0
                text15                            13780    13780      250     8000       0
                text14                            14A90    14A90      18C     8000       0
                text13                            1665E    1665E       4C     8000       0
                text12                            13E2E    13E2E      1EA     8000       0
                text11                            14018    14018      1D0     8000       0
                text10                            14F18    14F18      16C     8000       0
                text9                             15A58    15A58      11C     8000       0
                text8                             139D0    139D0      230     8000       0
                text7                             13512    13512      26E     8000       0
                text6                             14DA0    14DA0      178     8000       0
                text5                             13C00    13C00      22E     8000       0
                text4                             169BC    169BC       14     8000       0
                text3                             13296    13296      27C     8000       0
                text2                             15084    15084      160     8000       0
                text1                             15B74    15B74      108     8000       0
                text0                             14C1C    14C1C      184     8000       0
                cstackCOMRAM                          1        1       5A        1       1
                cstackBANK0                          60       60       88       60       1
                cstackBANK1                         175      175       47      100       1
                bssBIGRAM                           280      280      800      280       1
                bssBANK2                            200      200       80      200       1
                bssBANK1                            100      100       75      100       1
                bssBANK0                             E8       E8        C       60       1
                bssCOMRAM                            5B       5B        4        1       1
                cinit                             166AA    166AA       4A     8000       0

TOTAL           Name                               Link     Load   Length     Space
        CLASS   CODE           
                intcode                               8        8      2EE         0
                init                                2F6      2F6        4         0
                reset_vec                             0        0        4         0
                text73                            169A6    169A6       16         0
                text72                            161B2    161B2       AE         0
                text71                            11B30    11B30      42A         0
                text70                            16888    16888       38         0
                text69                            104C2    104C2      4C0         0
                text68                            167CC    167CC       46         0
                text67                            15D84    15D84      106         0
                text66                            148DC    148DC      1B4         0
                text65                            16034    16034       C4         0
                text64                            16914    16914       26         0
                text63                            1533A    1533A      148         0
                text62                            14726    14726      1B6         0
                text61                            1695A    1695A       1C         0
                text60                            1660C    1660C       52         0
                text59                            126B2    126B2      366         0
                text58                            15810    15810      12A         0
                text57                            1647E    1647E       82         0
                text56                            12D1A    12D1A      2FC         0
                text55                            156E2    156E2      12E         0
                text54                            16784    16784       48         0
                text53                            10E2A    10E2A      49A         0
                text51                            1698E    1698E       18         0
                text50                            16812    16812       3C         0
                text49                            168C0    168C0       2C         0
                text48                            1655C    1655C       5C         0
                text47                            16976    16976       18         0
                text46                            160F8    160F8       BA         0
                text45                            11704    11704      42C         0
                text44                            1684E    1684E       3A         0
                text43                            10000    10000      4C2         0
                text42                            1673C    1673C       48         0
                text41                            15C7C    15C7C      108         0
                text40                            1456E    1456E      1B8         0
                text39                            15F6E    15F6E       C6         0
                text38                            168EC    168EC       28         0
                text37                            151E4    151E4      156         0
                text36                            143AE    143AE      1C0         0
                text35                            1693A    1693A       20         0
                text34                            165B8    165B8       54         0
                text33                            1234A    1234A      368         0
                text32                            155B2    155B2      130         0
                text31                            162EE    162EE       88         0
                text30                            12A18    12A18      302         0
                text29                            11F5A    11F5A      3F0         0
                text28                            16260    16260       8E         0
                text27                            16500    16500       5C         0
                text26                            163FC    163FC       82         0
                text25                            16376    16376       86         0
                text24                            13016    13016      280         0
                text23                            15E8A    15E8A       E4         0
                text22                            141E8    141E8      1C6         0
                text21                            169D0    169D0        6         0
                text20                            15482    15482      130         0
                text19                            1593A    1593A      11E         0
                text18                            166F4    166F4       48         0
                text17                            10982    10982      4A8         0
                text16                            112C4    112C4      440         0
                text15                            13780    13780      250         0
                text14                            14A90    14A90      18C         0
                text13                            1665E    1665E       4C         0
                text12                            13E2E    13E2E      1EA         0
                text11                            14018    14018      1D0         0
                text10                            14F18    14F18      16C         0
                text9                             15A58    15A58      11C         0
                text8                             139D0    139D0      230         0
                text7                             13512    13512      26E         0
                text6                             14DA0    14DA0      178         0
                text5                             13C00    13C00      22E         0
                text4                             169BC    169BC       14         0
                text3                             13296    13296      27C         0
                text2                             15084    15084      160         0
                text1                             15B74    15B74      108         0
                text0                             14C1C    14C1C      184         0
                cinit                             166AA    166AA       4A         0

        CLASS   CONST          

        CLASS   SMALLCONST     

        CLASS   MEDIUMCONST    
                mediumconst                        F846     F846      7BA         0

        CLASS   COMRAM         
                temp                                 5F       5F        1         1
                cstackCOMRAM                          1        1       5A         1
                bssCOMRAM                            5B       5B        4         1

        CLASS   ABS1           

        CLASS   BIGRAM         
                bssBIGRAM                           280      280      800         1

        CLASS   RAM            

        CLASS   BANK0          
                cstackBANK0                          60       60       88         1
                bssBANK0                             E8       E8        C         1

        CLASS   BANK1          
                cstackBANK1                         175      175       47         1
                bssBANK1                            100      100       75         1

        CLASS   BANK2          
                bssBANK2                            200      200       80         1

        CLASS   BANK3          

        CLASS   BANK4          

        CLASS   BANK5          

        CLASS   BANK6          

        CLASS   BANK7          

        CLASS   BANK8          

        CLASS   BANK9          

        CLASS   BANK10         

        CLASS   BANK11         

        CLASS   BANK12         

        CLASS   BANK13         

        CLASS   BANK14         

        CLASS   SFR            

        CLASS   BIGSFR         

        CLASS   CONFIG         
                config                            1FFF8    1FFF8        8         4

        CLASS   FARRAM         

        CLASS   HEAP           

        CLASS   STACK          

        CLASS   IDLOC          



SEGMENTS        Name                           Load    Length   Top    Selector   Space  Class

                reset_vec                      000000  000004  000004         0       0  CODE    
                cstackCOMRAM                   000001  00005F  000060         1       1  COMRAM  
                intcode                        000008  0002F2  0002FA         4       0  CODE    
                cstackBANK0                    000060  000094  0000F4        60       1  BANK0   
                bssBANK1                       000100  0000BC  0001BC       100       1  BANK1   
                bssBANK2                       000200  000080  000280       200       1  BANK2   
                bssBIGRAM                      000280  000800  000A80       280       1  BIGRAM  
                mediumconst                    00F846  0007BA  010000      7C23       0  MEDIUMCO
                text43                         010000  0069D6  0169D6      8000       0  CODE    


UNUSED ADDRESS RANGES

        Name                Unused          Largest block    Delta
        BANK0            000F4-000FF               C
        BANK1            001BC-001FF              44
        BANK10           00A80-00AFF              80
        BANK11           00B00-00BFF             100
        BANK12           00C00-00CFF             100
        BANK13           00D00-00DFF             100
        BANK14           00E00-00EAF              B0
        BIGRAM           000F4-000FF               C
                         001BC-001FF              44
                         00A80-00EAF             430
        BIGSFR           00EB0-00FFF             150
        CODE             00004-00007               4
                         002FA-0F845            F54C
                         169D6-1FFF7            9622
        CONST            00004-00007               4
                         002FA-0F845            F54C
                         169D6-1FFF7            9622
        MEDIUMCONST      01000-0F845            E846
                         169D6-1FFF7            9622
        RAM              000F4-000FF               C
                         001BC-001FF              44
                         00A80-00EAF             100
        SFR              00EB0-00FFF              60
        SMALLCONST       01000-0F845             100
                         169D6-1FFF7             100

                                  Symbol Table

?_Xprintf                                      cstackBANK0   00098
?___awdiv                                      cstackBANK0   0006C
?___fladd                                      cstackBANK0   0006C
?___flmul                                      cstackBANK0   0006C
?___flneg                                      cstackBANK0   0006C
?___flsub                                      cstackBANK0   0007C
?___fltol                                      cstackBANK0   0006C
?___wmul                                       cstackBANK0   0006C
?___xxtofl                                     cstackBANK0   0006C
?_my_putchar                                   cstackBANK0   0006C
?_my_putfloat                                  cstackBANK0   00085
?_my_putint                                    cstackBANK0   00074
?_my_puts                                      cstackBANK0   0006F
?_my_putshex                                   cstackBANK0   0006C
?_my_putshex32                                 cstackBANK0   0006C
?_prvTaskCheckFreeStackSpace                   cstackBANK0   0006C
?_pvPortMalloc                                 cstackBANK0   000DB
?_pxPortInitialiseStack                        cstackBANK0   0006C
?i2_Xprintf                                    cstackCOMRAM  0002D
?i2___awdiv                                    cstackCOMRAM  00001
?i2___fladd                                    cstackCOMRAM  00001
?i2___flmul                                    cstackCOMRAM  00001
?i2___flneg                                    cstackCOMRAM  00001
?i2___flsub                                    cstackCOMRAM  00011
?i2___fltol                                    cstackCOMRAM  00001
?i2___wmul                                     cstackCOMRAM  00001
?i2___xxtofl                                   cstackCOMRAM  00001
?i2_my_putchar                                 cstackCOMRAM  00001
?i2_my_putfloat                                cstackCOMRAM  0001A
?i2_my_putint                                  cstackCOMRAM  00009
?i2_my_puts                                    cstackCOMRAM  00004
?i2_my_putshex                                 cstackCOMRAM  00001
?i2_my_putshex32                               cstackCOMRAM  00001
Set_UasrtBauRaite@dt                           cstackBANK0   0006C
Wait@i                                         cstackBANK0   0006F
Wait@num                                       cstackBANK0   0006C
Xprintf@Malloc_buf                             cstackBANK0   000B1
Xprintf@ap                                     cstackBANK0   000B5
Xprintf@buffer                                 cstackBANK0   000B7
Xprintf@ch                                     cstackBANK0   000AC
Xprintf@charvalue                              cstackBANK0   000AA
Xprintf@floatvalue                             cstackBANK0   000A4
Xprintf@intvalue                               cstackBANK0   000A8
Xprintf@string                                 cstackBANK0   00098
Xprintf@uint32value                            cstackBANK0   000AD
Xprintf@uintvalue                              cstackBANK0   000B3
_ANCON0                                        (abs)         00F48
_ANCON1                                        (abs)         00F49
_BAUDCON2                                      (abs)         00F7C
_BAUDCON2bits                                  (abs)         00F7C
_CCP1CON                                       (abs)         00FBA
_CCPR1H                                        (abs)         00FBC
_CCPR1L                                        (abs)         00FBB
_CCPTMRS0                                      (abs)         00F52
_ConvC                                         mediumconst   0F847
_EECON2                                        (abs)         00FA7
_FSEN                                          (abs)         079CA
_FSR0L                                         (abs)         00FE9
_INDF1                                         (abs)         00FE7
_INTCON                                        (abs)         00FF2
_INTCONbits                                    (abs)         00FF2
_IPR1bits                                      (abs)         00F9F
_IPR3bits                                      (abs)         00FA5
_LATAbits                                      (abs)         00F89
_OSCCON                                        (abs)         00FD3
_PIE1bits                                      (abs)         00F9D
_PIE3bits                                      (abs)         00FA3
_PIR1bits                                      (abs)         00F9E
_PIR3bits                                      (abs)         00FA4
_PLLEN                                         (abs)         07CDE
_PORTA                                         (abs)         00F80
_PORTB                                         (abs)         00F81
_PORTC                                         (abs)         00F82
_PORTD                                         (abs)         00F83
_PORTDbits                                     (abs)         00F83
_POSTINC1                                      (abs)         00FE6
_PPSCONbits                                    (abs)         00EBF
_RBPU                                          (abs)         07F8F
_RCON                                          (abs)         00FD0
_RCONbits                                      (abs)         00FD0
_RCREG                                         (abs)         00FAF
_RCREG2                                        (abs)         00FAA
_RCSTA                                         (abs)         00FAC
_RCSTA2                                        (abs)         00F9C
_RCSTA2bits                                    (abs)         00F9C
_RCSTAbits                                     (abs)         00FAC
_RPINR16                                       (abs)         00EF7
_RPOR23                                        (abs)         00ED7
_RTCdt                                         bssBANK1      00100
_SPBRG                                         (abs)         00FB0
_SPBRG2                                        (abs)         00FAB
_SPBRGH2                                       (abs)         00F7D
_STKPTR                                        (abs)         00FFC
_Set_UasrtBauRaite                             text49        168C0
_T0CON                                         (abs)         00FD5
_T0CONbits                                     (abs)         00FD5
_T1CON                                         (abs)         00FCD
_T1CONbits                                     (abs)         00FCD
_T3CON                                         (abs)         00F79
_TMR0H                                         (abs)         00FD7
_TMR0L                                         (abs)         00FD6
_TMR1H                                         (abs)         00FCF
_TMR1L                                         (abs)         00FCE
_TMR3H                                         (abs)         00F7B
_TMR3L                                         (abs)         00F7A
_TRISA                                         (abs)         00F92
_TRISAbits                                     (abs)         00F92
_TRISB                                         (abs)         00F93
_TRISBbits                                     (abs)         00F93
_TRISC                                         (abs)         00F94
_TRISD                                         (abs)         00F95
_TRISDbits                                     (abs)         00F95
_TXREG                                         (abs)         00FAE
_TXREG2                                        (abs)         00FA9
_TXSTA                                         (abs)         00FAD
_TXSTA2                                        (abs)         00FA8
_TXSTA2bits                                    (abs)         00FA8
_Timer0_init                                   text51        1698E
_Wait                                          text50        16812
_Xprintf                                       text30        12A18
__HRAM                                         (abs)         00000
__H__absolute__                                __absolute__  00000
__Habs1                                        abs1          00000
__Hbank0                                       bank0         00000
__Hbank1                                       bank1         00000
__Hbank10                                      bank10        00000
__Hbank11                                      bank11        00000
__Hbank12                                      bank12        00000
__Hbank13                                      bank13        00000
__Hbank14                                      bank14        00000
__Hbank2                                       bank2         00000
__Hbank3                                       bank3         00000
__Hbank4                                       bank4         00000
__Hbank5                                       bank5         00000
__Hbank6                                       bank6         00000
__Hbank7                                       bank7         00000
__Hbank8                                       bank8         00000
__Hbank9                                       bank9         00000
__Hbigbss                                      bigbss        00000
__Hbigdata                                     bigdata       00000
__Hbigram                                      bigram        00000
__Hbigsfr                                      bigsfr        00000
__Hbss                                         bss           00000
__HbssBANK0                                    bssBANK0      00000
__HbssBANK1                                    bssBANK1      00000
__HbssBANK2                                    bssBANK2      00000
__HbssBIGRAM                                   bssBIGRAM     00000
__HbssCOMRAM                                   bssCOMRAM     00000
__Hcinit                                       cinit         00000
__Hclrtext                                     clrtext       00000
__Hcomram                                      comram        00000
__Hconfig                                      config        20000
__Hconst                                       const         00000
__HcstackBANK0                                 cstackBANK0   00000
__HcstackBANK1                                 cstackBANK1   00000
__HcstackCOMRAM                                cstackCOMRAM  00000
__Hdata                                        data          00000
__Hfarbss                                      farbss        00000
__Hfardata                                     fardata       00000
__Hheap                                        heap          00000
__Hibigdata                                    ibigdata      00000
__Hidata                                       idata         00000
__Hidloc                                       idloc         00000
__Hifardata                                    ifardata      00000
__Hinit                                        init          002FA
__Hintcode                                     intcode       002F6
__Hintcode_body                                intcode_body  00000
__Hintcodelo                                   intcodelo     002F6
__Hintentry                                    intentry      00000
__Hintret                                      intret        00000
__Hintsave_regs                                intsave_regs  00000
__Hirdata                                      irdata        00000
__Hjflash_buffer                               jflash_buffer 1F800
__Hmediumconst                                 mediumconst   10000
__HnvFARRAM                                    nvFARRAM      00000
__Hnvbit                                       nvbit         00000
__Hnvrram                                      nvrram        00000
__Hparam                                       rparam        00000
__Hpowerup                                     powerup       002F6
__Hram                                         ram           00000
__Hramtop                                      ramtop        01000
__Hrbit                                        rbit          00000
__Hrbss                                        rbss          00000
__Hrdata                                       rdata         00000
__Hreset_vec                                   reset_vec     00004
__Hrparam                                      rparam        00000
__Hsfr                                         sfr           00000
__Hsmallconst                                  smallconst    00000
__Hspace_0                                     (abs)         1F800
__Hspace_1                                     (abs)         00A80
__Hspace_2                                     (abs)         00000
__Hspace_4                                     (abs)         3FFF8
__Hstack                                       stack         00000
__Hstruct                                      struct        00000
__Htemp                                        temp          00060
__Htext                                        text          00000
__Htext0                                       text0         00000
__Htext1                                       text1         00000
__Htext10                                      text10        00000
__Htext11                                      text11        00000
__Htext12                                      text12        00000
__Htext13                                      text13        00000
__Htext14                                      text14        00000
__Htext15                                      text15        00000
__Htext16                                      text16        00000
__Htext17                                      text17        00000
__Htext18                                      text18        00000
__Htext19                                      text19        00000
__Htext2                                       text2         00000
__Htext20                                      text20        00000
__Htext21                                      text21        00000
__Htext22                                      text22        00000
__Htext23                                      text23        00000
__Htext24                                      text24        00000
__Htext25                                      text25        00000
__Htext26                                      text26        00000
__Htext27                                      text27        00000
__Htext28                                      text28        00000
__Htext29                                      text29        00000
__Htext3                                       text3         00000
__Htext30                                      text30        00000
__Htext31                                      text31        00000
__Htext32                                      text32        00000
__Htext33                                      text33        00000
__Htext34                                      text34        00000
__Htext35                                      text35        00000
__Htext36                                      text36        00000
__Htext37                                      text37        00000
__Htext38                                      text38        00000
__Htext39                                      text39        00000
__Htext4                                       text4         00000
__Htext40                                      text40        00000
__Htext41                                      text41        00000
__Htext42                                      text42        00000
__Htext43                                      text43        00000
__Htext44                                      text44        00000
__Htext45                                      text45        00000
__Htext46                                      text46        00000
__Htext47                                      text47        00000
__Htext48                                      text48        00000
__Htext49                                      text49        00000
__Htext5                                       text5         00000
__Htext50                                      text50        00000
__Htext51                                      text51        00000
__Htext53                                      text53        00000
__Htext54                                      text54        00000
__Htext55                                      text55        00000
__Htext56                                      text56        00000
__Htext57                                      text57        00000
__Htext58                                      text58        00000
__Htext59                                      text59        00000
__Htext6                                       text6         00000
__Htext60                                      text60        00000
__Htext61                                      text61        00000
__Htext62                                      text62        00000
__Htext63                                      text63        00000
__Htext64                                      text64        00000
__Htext65                                      text65        00000
__Htext66                                      text66        00000
__Htext67                                      text67        00000
__Htext68                                      text68        00000
__Htext69                                      text69        00000
__Htext7                                       text7         00000
__Htext70                                      text70        00000
__Htext71                                      text71        00000
__Htext72                                      text72        00000
__Htext73                                      text73        00000
__Htext8                                       text8         00000
__Htext9                                       text9         00000
__LRAM                                         (abs)         00001
__L__absolute__                                __absolute__  00000
__Labs1                                        abs1          00000
__Lbank0                                       bank0         00000
__Lbank1                                       bank1         00000
__Lbank10                                      bank10        00000
__Lbank11                                      bank11        00000
__Lbank12                                      bank12        00000
__Lbank13                                      bank13        00000
__Lbank14                                      bank14        00000
__Lbank2                                       bank2         00000
__Lbank3                                       bank3         00000
__Lbank4                                       bank4         00000
__Lbank5                                       bank5         00000
__Lbank6                                       bank6         00000
__Lbank7                                       bank7         00000
__Lbank8                                       bank8         00000
__Lbank9                                       bank9         00000
__Lbigbss                                      bigbss        00000
__Lbigdata                                     bigdata       00000
__Lbigram                                      bigram        00000
__Lbigsfr                                      bigsfr        00000
__Lbss                                         bss           00000
__LbssBANK0                                    bssBANK0      00000
__LbssBANK1                                    bssBANK1      00000
__LbssBANK2                                    bssBANK2      00000
__LbssBIGRAM                                   bssBIGRAM     00000
__LbssCOMRAM                                   bssCOMRAM     00000
__Lcinit                                       cinit         00000
__Lclrtext                                     clrtext       00000
__Lcomram                                      comram        00000
__Lconfig                                      config        00000
__Lconst                                       const         00000
__LcstackBANK0                                 cstackBANK0   00000
__LcstackBANK1                                 cstackBANK1   00000
__LcstackCOMRAM                                cstackCOMRAM  00000
__Ldata                                        data          00000
__Lfarbss                                      farbss        00000
__Lfardata                                     fardata       00000
__Lheap                                        heap          00000
__Libigdata                                    ibigdata      00000
__Lidata                                       idata         00000
__Lidloc                                       idloc         00000
__Lifardata                                    ifardata      00000
__Linit                                        init          002F6
__Lintcode                                     intcode       00008
__Lintcode_body                                intcode_body  00000
__Lintcodelo                                   intcodelo     002F6
__Lintentry                                    intentry      00000
__Lintret                                      intret        00000
__Lintsave_regs                                intsave_regs  00000
__Lirdata                                      irdata        00000
__Ljflash_buffer                               jflash_buffer 1F800
__Lmediumconst                                 mediumconst   0F846
__LnvFARRAM                                    nvFARRAM      00000
__Lnvbit                                       nvbit         00000
__Lnvrram                                      nvrram        00000
__Lparam                                       rparam        00000
__Lpowerup                                     powerup       002F6
__Lram                                         ram           00000
__Lramtop                                      ramtop        01000
__Lrbit                                        rbit          00000
__Lrbss                                        rbss          00000
__Lrdata                                       rdata         00000
__Lreset_vec                                   reset_vec     00000
__Lrparam                                      rparam        00000
__Lsfr                                         sfr           00000
__Lsmallconst                                  smallconst    00000
__Lspace_0                                     (abs)         00000
__Lspace_1                                     (abs)         00000
__Lspace_2                                     (abs)         00000
__Lspace_4                                     (abs)         00000
__Lstack                                       stack         00000
__Lstruct                                      struct        00000
__Ltemp                                        temp          0005F
__Ltext                                        text          00000
__Ltext0                                       text0         00000
__Ltext1                                       text1         00000
__Ltext10                                      text10        00000
__Ltext11                                      text11        00000
__Ltext12                                      text12        00000
__Ltext13                                      text13        00000
__Ltext14                                      text14        00000
__Ltext15                                      text15        00000
__Ltext16                                      text16        00000
__Ltext17                                      text17        00000
__Ltext18                                      text18        00000
__Ltext19                                      text19        00000
__Ltext2                                       text2         00000
__Ltext20                                      text20        00000
__Ltext21                                      text21        00000
__Ltext22                                      text22        00000
__Ltext23                                      text23        00000
__Ltext24                                      text24        00000
__Ltext25                                      text25        00000
__Ltext26                                      text26        00000
__Ltext27                                      text27        00000
__Ltext28                                      text28        00000
__Ltext29                                      text29        00000
__Ltext3                                       text3         00000
__Ltext30                                      text30        00000
__Ltext31                                      text31        00000
__Ltext32                                      text32        00000
__Ltext33                                      text33        00000
__Ltext34                                      text34        00000
__Ltext35                                      text35        00000
__Ltext36                                      text36        00000
__Ltext37                                      text37        00000
__Ltext38                                      text38        00000
__Ltext39                                      text39        00000
__Ltext4                                       text4         00000
__Ltext40                                      text40        00000
__Ltext41                                      text41        00000
__Ltext42                                      text42        00000
__Ltext43                                      text43        00000
__Ltext44                                      text44        00000
__Ltext45                                      text45        00000
__Ltext46                                      text46        00000
__Ltext47                                      text47        00000
__Ltext48                                      text48        00000
__Ltext49                                      text49        00000
__Ltext5                                       text5         00000
__Ltext50                                      text50        00000
__Ltext51                                      text51        00000
__Ltext53                                      text53        00000
__Ltext54                                      text54        00000
__Ltext55                                      text55        00000
__Ltext56                                      text56        00000
__Ltext57                                      text57        00000
__Ltext58                                      text58        00000
__Ltext59                                      text59        00000
__Ltext6                                       text6         00000
__Ltext60                                      text60        00000
__Ltext61                                      text61        00000
__Ltext62                                      text62        00000
__Ltext63                                      text63        00000
__Ltext64                                      text64        00000
__Ltext65                                      text65        00000
__Ltext66                                      text66        00000
__Ltext67                                      text67        00000
__Ltext68                                      text68        00000
__Ltext69                                      text69        00000
__Ltext7                                       text7         00000
__Ltext70                                      text70        00000
__Ltext71                                      text71        00000
__Ltext72                                      text72        00000
__Ltext73                                      text73        00000
__Ltext8                                       text8         00000
__Ltext9                                       text9         00000
__S0                                           (abs)         169D6
__S1                                           (abs)         00A80
__S4                                           (abs)         00000
___awdiv                                       text39        15F6E
___awdiv@counter                               cstackBANK0   00070
___awdiv@dividend                              cstackBANK0   0006C
___awdiv@divisor                               cstackBANK0   0006E
___awdiv@quotient                              cstackBANK0   00072
___awdiv@sign                                  cstackBANK0   00071
___fladd                                       text43        10000
___fladd@a                                     cstackBANK0   00070
___fladd@aexp                                  cstackBANK0   00079
___fladd@b                                     cstackBANK0   0006C
___fladd@bexp                                  cstackBANK0   0007A
___fladd@grs                                   cstackBANK0   0007B
___fladd@signs                                 cstackBANK0   00078
___flmul                                       text45        11704
___flmul@a                                     cstackBANK0   00070
___flmul@aexp                                  cstackBANK0   0007D
___flmul@b                                     cstackBANK0   0006C
___flmul@bexp                                  cstackBANK0   0007E
___flmul@grs                                   cstackBANK0   00079
___flmul@prod                                  cstackBANK0   0007F
___flmul@sign                                  cstackBANK0   00078
___flmul@temp                                  cstackBANK0   00083
___flneg                                       text44        1684E
___flneg@f1                                    cstackBANK0   0006C
___flsub                                       text42        1673C
___flsub@a                                     cstackBANK0   00080
___flsub@b                                     cstackBANK0   0007C
___fltol                                       text41        15C7C
___fltol@exp1                                  cstackBANK0   00075
___fltol@f1                                    cstackBANK0   0006C
___fltol@sign1                                 cstackBANK0   00074
___heap_hi                                     (abs)         00000
___heap_lo                                     (abs)         00000
___inthi_sp                                    stack         00000
___intlo_sp                                    stack         00000
___param_bank                                  (abs)         00000
___rparam_used                                 (abs)         00001
___sp                                          stack         00000
___wmul                                        text38        168EC
___wmul@multiplicand                           cstackBANK0   0006E
___wmul@multiplier                             cstackBANK0   0006C
___wmul@product                                cstackBANK0   00070
___xxtofl                                      text40        1456E
___xxtofl@arg                                  cstackBANK0   00076
___xxtofl@exp                                  cstackBANK0   00075
___xxtofl@sign                                 cstackBANK0   00074
___xxtofl@val                                  cstackBANK0   0006C
__accesstop                                    (abs)         00060
__activetblptr                                 (abs)         00003
__end_of_ConvC                                 mediumconst   0F857
__end_of_Set_UasrtBauRaite                     text49        168EC
__end_of_Timer0_init                           text51        169A6
__end_of_Wait                                  text50        1684E
__end_of_Xprintf                               text30        12D1A
__end_of___awdiv                               text39        16034
__end_of___fladd                               text43        104C2
__end_of___flmul                               text45        11B30
__end_of___flneg                               text44        16888
__end_of___flsub                               text42        16784
__end_of___fltol                               text41        15D84
__end_of___wmul                                text38        16914
__end_of___xxtofl                              text40        14726
__end_of__initialization                       cinit         166EA
__end_of_debu_uint2a                           text46        161B2
__end_of_eTaskGetState                         text14        14C1C
__end_of_high_isr                              intcode       002F6
__end_of_main                                  text0         14DA0
__end_of_memset                                text6         14F18
__end_of_my_putchar                            text35        1695A
__end_of_my_putfloat                           text36        1456E
__end_of_my_putint                             text37        1533A
__end_of_my_puts                               text34        1660C
__end_of_my_putshex                            text33        126B2
__end_of_my_putshex32                          text32        156E2
__end_of_prvAddNewTaskToReadyList              text7         13780
__end_of_prvHeapInit                           text23        15F6E
__end_of_prvInitialiseNewTask                  text3         13512
__end_of_prvInitialiseTaskLists                text25        163FC
__end_of_prvInsertBlockIntoFreeList            text22        143AE
__end_of_prvListTasksWithinSingleList          text11        141E8
__end_of_prvResetNextTaskUnblockTime           text18        1673C
__end_of_prvSetupTimerInterrupt                text28        162EE
__end_of_prvTaskCheckFreeStackSpace            text13        166AA
__end_of_putch                                 text47        1698E
__end_of_putstring                             text31        16376
__end_of_pvPortMalloc                          text15        139D0
__end_of_pxPortInitialiseStack                 text5         13E2E
__end_of_pxReadyTasksLists_info                text29        1234A
__end_of_taskInfo                              text24        13296
__end_of_uart_init                             text48        165B8
__end_of_uxTaskGetSystemState                  text10        15084
__end_of_uxTopUsedPriority                     mediumconst   0F85A
__end_of_vListInitialise                       text26        1647E
__end_of_vListInitialiseItem                   text4         169D0
__end_of_vPortFree                             text9         15B74
__end_of_vPortYield                            text19        15A58
__end_of_vTaskGetInfo                          text12        14018
__end_of_vTaskList                             text8         13C00
__end_of_vTaskStartScheduler                   text1         15C7C
__end_of_vTaskSuspendAll                       text21        169D6
__end_of_vTaskSwitchContext                    text20        155B2
__end_of_xHeapStructSize                       mediumconst   0F859
__end_of_xPortStartScheduler                   text27        1655C
__end_of_xTaskCreate                           text2         151E4
__end_of_xTaskIncrementTick                    text17        10E2A
__end_of_xTaskResumeAll                        text16        11704
__end_ofi2_Xprintf                             text56        13016
__end_ofi2___awdiv                             text65        160F8
__end_ofi2___fladd                             text69        10982
__end_ofi2___flmul                             text71        11F5A
__end_ofi2___flneg                             text70        168C0
__end_ofi2___flsub                             text68        16812
__end_ofi2___fltol                             text67        15E8A
__end_ofi2___wmul                              text64        1693A
__end_ofi2___xxtofl                            text66        14A90
__end_ofi2_debu_uint2a                         text72        16260
__end_ofi2_my_putchar                          text61        16976
__end_ofi2_my_putfloat                         text62        148DC
__end_ofi2_my_putint                           text63        15482
__end_ofi2_my_puts                             text60        1665E
__end_ofi2_my_putshex                          text59        12A18
__end_ofi2_my_putshex32                        text58        1593A
__end_ofi2_prvResetNextTaskUnblockTime         text54        167CC
__end_ofi2_putch                               text73        169BC
__end_ofi2_putstring                           text57        16500
__end_ofi2_vTaskSwitchContext                  text55        15810
__end_ofi2_xTaskIncrementTick                  text53        112C4
__initialization                               cinit         166AA
__mediumconst                                  mediumconst   0F846
__pbssBANK0                                    bssBANK0      000E8
__pbssBANK1                                    bssBANK1      00100
__pbssBANK2                                    bssBANK2      00200
__pbssBIGRAM                                   bssBIGRAM     00280
__pbssCOMRAM                                   bssCOMRAM     0005B
__pcinit                                       cinit         166AA
__pcstackBANK0                                 cstackBANK0   00060
__pcstackBANK1                                 cstackBANK1   00175
__pcstackCOMRAM                                cstackCOMRAM  00001
__pintcode                                     intcode       00008
__pmediumconst                                 mediumconst   0F846
__ptext0                                       text0         14C1C
__ptext1                                       text1         15B74
__ptext10                                      text10        14F18
__ptext11                                      text11        14018
__ptext12                                      text12        13E2E
__ptext13                                      text13        1665E
__ptext14                                      text14        14A90
__ptext15                                      text15        13780
__ptext16                                      text16        112C4
__ptext17                                      text17        10982
__ptext18                                      text18        166F4
__ptext19                                      text19        1593A
__ptext2                                       text2         15084
__ptext20                                      text20        15482
__ptext21                                      text21        169D0
__ptext22                                      text22        141E8
__ptext23                                      text23        15E8A
__ptext24                                      text24        13016
__ptext25                                      text25        16376
__ptext26                                      text26        163FC
__ptext27                                      text27        16500
__ptext28                                      text28        16260
__ptext29                                      text29        11F5A
__ptext3                                       text3         13296
__ptext30                                      text30        12A18
__ptext31                                      text31        162EE
__ptext32                                      text32        155B2
__ptext33                                      text33        1234A
__ptext34                                      text34        165B8
__ptext35                                      text35        1693A
__ptext36                                      text36        143AE
__ptext37                                      text37        151E4
__ptext38                                      text38        168EC
__ptext39                                      text39        15F6E
__ptext4                                       text4         169BC
__ptext40                                      text40        1456E
__ptext41                                      text41        15C7C
__ptext42                                      text42        1673C
__ptext43                                      text43        10000
__ptext44                                      text44        1684E
__ptext45                                      text45        11704
__ptext46                                      text46        160F8
__ptext47                                      text47        16976
__ptext48                                      text48        1655C
__ptext49                                      text49        168C0
__ptext5                                       text5         13C00
__ptext50                                      text50        16812
__ptext51                                      text51        1698E
__ptext53                                      text53        10E2A
__ptext54                                      text54        16784
__ptext55                                      text55        156E2
__ptext56                                      text56        12D1A
__ptext57                                      text57        1647E
__ptext58                                      text58        15810
__ptext59                                      text59        126B2
__ptext6                                       text6         14DA0
__ptext60                                      text60        1660C
__ptext61                                      text61        1695A
__ptext62                                      text62        14726
__ptext63                                      text63        1533A
__ptext64                                      text64        16914
__ptext65                                      text65        16034
__ptext66                                      text66        148DC
__ptext67                                      text67        15D84
__ptext68                                      text68        167CC
__ptext69                                      text69        104C2
__ptext7                                       text7         13512
__ptext70                                      text70        16888
__ptext71                                      text71        11B30
__ptext72                                      text72        161B2
__ptext73                                      text73        169A6
__ptext8                                       text8         139D0
__ptext9                                       text9         15A58
__ramtop                                       ramtop        01000
__smallconst                                   smallconst    00000
_debu_uint2a                                   text46        160F8
_eTaskGetState                                 text14        14A90
_high_isr                                      intcode       00008
_main                                          text0         14C1C
_memset                                        text6         14DA0
_my_putchar                                    text35        1693A
_my_putfloat                                   text36        143AE
_my_putint                                     text37        151E4
_my_puts                                       text34        165B8
_my_putshex                                    text33        1234A
_my_putshex32                                  text32        155B2
_printbuf                                      bssBANK2      00200
_prvAddNewTaskToReadyList                      text7         13512
_prvHeapInit                                   text23        15E8A
_prvIdleTask                                   (abs)         00000
_prvInitialiseNewTask                          text3         13296
_prvInitialiseTaskLists                        text25        16376
_prvInsertBlockIntoFreeList                    text22        141E8
_prvListTasksWithinSingleList                  text11        14018
_prvResetNextTaskUnblockTime                   text18        166F4
_prvSetupTimerInterrupt                        text28        16260
_prvTaskCheckFreeStackSpace                    text13        1665E
_putch                                         text47        16976
_putstring                                     text31        162EE
_pvPortMalloc                                  text15        13780
_pxCurrentTCB                                  bssBANK1      00112
_pxDelayedTaskList                             bssBANK0      000EC
_pxEnd                                         bssBANK0      000EE
_pxOverflowDelayedTaskList                     bssBANK0      000EA
_pxPortInitialiseStack                         text5         13C00
_pxReadyTasksLists                             bssBANK1      00125
_pxReadyTasksLists_info                        text29        11F5A
_task001                                       (abs)         00000
_task002                                       (abs)         00000
_taskInfo                                      text24        13016
_tcb                                           bssBANK1      0010A
_timer_cnt                                     bssBANK1      00116
_timer_cnt_buf                                 bssBANK1      00114
_uart_init                                     text48        1655C
_ucHeap                                        bssBIGRAM     00280
_uxCurrentNumberOfTasks                        bssBANK1      00123
_uxDeletedTasksWaitingCleanUp                  bssBANK1      00124
_uxSchedulerSuspended                          bssBANK0      000F0
_uxTaskGetSystemState                          text10        14F18
_uxTaskNumber                                  bssBANK1      00120
_uxTopReadyPriority                            bssBANK1      00122
_uxTopUsedPriority                             mediumconst   0F859
_vCompeteingIntMathTask                        (abs)         00000
_vListInitialise                               text26        163FC
_vListInitialiseItem                           text4         169BC
_vPolledQueueConsumer                          (abs)         00000
_vPolledQueueProducer                          (abs)         00000
_vPortFree                                     text9         15A58
_vPortYield                                    text19        1593A
_vTaskGetInfo                                  text12        13E2E
_vTaskList                                     text8         139D0
_vTaskStartScheduler                           text1         15B74
_vTaskSuspendAll                               text21        169D0
_vTaskSwitchContext                            text20        15482
_xCharsForTx                                   bssBANK1      0010C
_xDelayedTaskList1                             bssBANK1      00164
_xDelayedTaskList2                             bssBANK1      0015B
_xFreeBytesRemaining                           bssBANK1      0011E
_xIdleTaskHandle                               bssBANK1      00171
_xMinimumEverFreeBytesRemaining                bssBANK1      0011C
_xNextTaskUnblockTime                          bssCOMRAM     0005B
_xNumOfOverflows                               bssBANK0      000F1
_xNumberOfSuccessfulAllocations                bssBANK1      0011A
_xNumberOfSuccessfulFrees                      bssBANK1      00118
_xPendedTicks                                  bssBANK1      00110
_xPendingReadyList                             bssBANK1      00152
_xPollingConsumerCount                         bssCOMRAM     0005D
_xPollingProducerCount                         bssBANK0      000F3
_xPortStartScheduler                           text27        16500
_xRxedChars                                    bssBANK1      0010E
_xSchedulerRunning                             bssBANK1      00121
_xStart                                        bssBANK1      0016D
_xSuspendedTaskList                            bssBANK1      00140
_xTaskCheck                                    bssCOMRAM     0005E
_xTaskCreate                                   text2         15084
_xTaskIncrementTick                            text17        10982
_xTaskResumeAll                                text16        112C4
_xTasksWaitingTermination                      bssBANK1      00149
_xTickCount                                    bssBANK0      000E8
_xYieldPending                                 bssBANK0      000F2
btemp                                          temp          0005F
debu_uint2a@ch                                 cstackBANK0   00072
debu_uint2a@dt                                 cstackBANK0   0006D
debu_uint2a@i                                  cstackBANK0   00073
eTaskGetState@eReturn                          cstackBANK0   000C2
eTaskGetState@pxDelayedList                    cstackBANK0   000BE
eTaskGetState@pxOverflowedDelayedList          cstackBANK0   000C0
eTaskGetState@pxStateList                      cstackBANK0   000C4
eTaskGetState@pxTCB                            cstackBANK0   000C6
eTaskGetState@x                                cstackBANK0   000C3
eTaskGetState@xTask                            cstackBANK0   000B9
end_of_initialization                          cinit         166EA
i2Xprintf@Malloc_buf                           cstackCOMRAM  00040
i2Xprintf@ap                                   cstackCOMRAM  00044
i2Xprintf@buffer                               cstackCOMRAM  00046
i2Xprintf@ch                                   cstackCOMRAM  0003B
i2Xprintf@charvalue                            cstackCOMRAM  00039
i2Xprintf@floatvalue                           cstackCOMRAM  00033
i2Xprintf@intvalue                             cstackCOMRAM  00037
i2Xprintf@string                               cstackCOMRAM  0002D
i2Xprintf@uint32value                          cstackCOMRAM  0003C
i2Xprintf@uintvalue                            cstackCOMRAM  00042
i2_Xprintf                                     text56        12D1A
i2___awdiv                                     text65        16034
i2___awdiv@counter                             cstackCOMRAM  00005
i2___awdiv@dividend                            cstackCOMRAM  00001
i2___awdiv@divisor                             cstackCOMRAM  00003
i2___awdiv@quotient                            cstackCOMRAM  00007
i2___awdiv@sign                                cstackCOMRAM  00006
i2___fladd                                     text69        104C2
i2___fladd@a                                   cstackCOMRAM  00005
i2___fladd@aexp                                cstackCOMRAM  0000E
i2___fladd@b                                   cstackCOMRAM  00001
i2___fladd@bexp                                cstackCOMRAM  0000F
i2___fladd@grs                                 cstackCOMRAM  00010
i2___fladd@signs                               cstackCOMRAM  0000D
i2___flmul                                     text71        11B30
i2___flmul@a                                   cstackCOMRAM  00005
i2___flmul@aexp                                cstackCOMRAM  00012
i2___flmul@b                                   cstackCOMRAM  00001
i2___flmul@bexp                                cstackCOMRAM  00013
i2___flmul@grs                                 cstackCOMRAM  0000E
i2___flmul@prod                                cstackCOMRAM  00014
i2___flmul@sign                                cstackCOMRAM  0000D
i2___flmul@temp                                cstackCOMRAM  00018
i2___flneg                                     text70        16888
i2___flneg@f1                                  cstackCOMRAM  00001
i2___flsub                                     text68        167CC
i2___flsub@a                                   cstackCOMRAM  00015
i2___flsub@b                                   cstackCOMRAM  00011
i2___fltol                                     text67        15D84
i2___fltol@exp1                                cstackCOMRAM  0000A
i2___fltol@f1                                  cstackCOMRAM  00001
i2___fltol@sign1                               cstackCOMRAM  00009
i2___wmul                                      text64        16914
i2___wmul@multiplicand                         cstackCOMRAM  00003
i2___wmul@multiplier                           cstackCOMRAM  00001
i2___wmul@product                              cstackCOMRAM  00005
i2___xxtofl                                    text66        148DC
i2___xxtofl@arg                                cstackCOMRAM  0000B
i2___xxtofl@exp                                cstackCOMRAM  0000A
i2___xxtofl@sign                               cstackCOMRAM  00009
i2___xxtofl@val                                cstackCOMRAM  00001
i2_debu_uint2a                                 text72        161B2
i2_my_putchar                                  text61        1695A
i2_my_putfloat                                 text62        14726
i2_my_putint                                   text63        1533A
i2_my_puts                                     text60        1660C
i2_my_putshex                                  text59        126B2
i2_my_putshex32                                text58        15810
i2_prvResetNextTaskUnblockTime                 text54        16784
i2_putch                                       text73        169A6
i2_putstring                                   text57        1647E
i2_vTaskSwitchContext                          text55        156E2
i2_xTaskIncrementTick                          text53        10E2A
i2debu_uint2a@ch                               cstackCOMRAM  00007
i2debu_uint2a@dt                               cstackCOMRAM  00002
i2debu_uint2a@i                                cstackCOMRAM  00008
i2my_putchar@buf                               cstackCOMRAM  00001
i2my_putchar@c                                 cstackCOMRAM  00003
i2my_putfloat@buf                              cstackCOMRAM  00020
i2my_putfloat@count                            cstackCOMRAM  00023
i2my_putfloat@digit_8997                       cstackCOMRAM  00027
i2my_putfloat@fracPart                         cstackCOMRAM  00029
i2my_putfloat@intPart                          cstackCOMRAM  00025
i2my_putfloat@num                              cstackCOMRAM  0001A
i2my_putfloat@precision                        cstackCOMRAM  0001E
i2my_putint@buf                                cstackCOMRAM  0000B
i2my_putint@keta                               cstackCOMRAM  0000F
i2my_putint@num                                cstackCOMRAM  00009
i2my_putint@temp                               cstackCOMRAM  0000D
i2my_puts@buf                                  cstackCOMRAM  00006
i2my_puts@str                                  cstackCOMRAM  00004
i2my_putshex32@buf                             cstackCOMRAM  00005
i2my_putshex32@dt                              cstackCOMRAM  00001
i2my_putshex32@i                               cstackCOMRAM  00011
i2my_putshex32@sw                              cstackCOMRAM  00010
i2my_putshex@buf                               cstackCOMRAM  00004
i2my_putshex@dt                                cstackCOMRAM  00001
i2my_putshex@flg                               cstackCOMRAM  00003
i2my_putshex@sw                                cstackCOMRAM  00009
i2putch@c                                      cstackCOMRAM  00001
i2putstring@c                                  cstackCOMRAM  00002
i2putstring@i                                  cstackCOMRAM  00006
i2vTaskSwitchContext@pxConstList               cstackCOMRAM  0004D
i2vTaskSwitchContext@uxTopPriority             cstackCOMRAM  0004C
i2xTaskIncrementTick@pxIndex                   cstackCOMRAM  00057
i2xTaskIncrementTick@pxList                    cstackCOMRAM  00051
i2xTaskIncrementTick@pxList_4041               cstackCOMRAM  00053
i2xTaskIncrementTick@pxTCB                     cstackCOMRAM  00059
i2xTaskIncrementTick@pxTemp                    cstackCOMRAM  0004C
i2xTaskIncrementTick@xConstTickCount           cstackCOMRAM  00055
i2xTaskIncrementTick@xItemValue                cstackCOMRAM  0004E
i2xTaskIncrementTick@xSwitchRequired           cstackCOMRAM  00050
int$flags                                      temp          0005F
intlevel0                                      text          00000
intlevel1                                      text          00000
intlevel2                                      text          00000
intlevel3                                      text          00000
isa$std                                        (abs)         00001
isa$xinst                                      (abs)         00000
main@Status                                    cstackBANK1   001BB
memset@c                                       cstackBANK0   0006E
memset@dest                                    cstackBANK0   0006C
memset@k                                       cstackBANK0   00074
memset@n                                       cstackBANK0   00070
memset@s                                       cstackBANK0   00076
my_putchar@buf                                 cstackBANK0   0006C
my_putchar@c                                   cstackBANK0   0006E
my_putfloat@buf                                cstackBANK0   0008B
my_putfloat@count                              cstackBANK0   0008E
my_putfloat@digit_8997                         cstackBANK0   00092
my_putfloat@fracPart                           cstackBANK0   00094
my_putfloat@intPart                            cstackBANK0   00090
my_putfloat@num                                cstackBANK0   00085
my_putfloat@precision                          cstackBANK0   00089
my_putint@buf                                  cstackBANK0   00076
my_putint@keta                                 cstackBANK0   0007A
my_putint@num                                  cstackBANK0   00074
my_putint@temp                                 cstackBANK0   00078
my_puts@buf                                    cstackBANK0   00071
my_puts@str                                    cstackBANK0   0006F
my_putshex32@buf                               cstackBANK0   00070
my_putshex32@dt                                cstackBANK0   0006C
my_putshex32@i                                 cstackBANK0   0007C
my_putshex32@sw                                cstackBANK0   0007B
my_putshex@buf                                 cstackBANK0   0006F
my_putshex@dt                                  cstackBANK0   0006C
my_putshex@flg                                 cstackBANK0   0006E
my_putshex@sw                                  cstackBANK0   00074
prvAddNewTaskToReadyList@pxIndex               cstackBANK1   001A8
prvAddNewTaskToReadyList@pxNewTCB              cstackBANK1   001A3
prvHeapInit@pucAlignedHeap                     cstackBANK0   00070
prvHeapInit@pxFirstFreeBlock                   cstackBANK0   00076
prvHeapInit@uxAddress                          cstackBANK0   00072
prvInitialiseNewTask@pcName                    cstackBANK0   000BC
prvInitialiseNewTask@pvParameters              cstackBANK0   000C2
prvInitialiseNewTask@pxCreatedTask             cstackBANK0   000C5
prvInitialiseNewTask@pxNewTCB                  cstackBANK0   000C7
prvInitialiseNewTask@pxTaskCode                cstackBANK0   000B9
prvInitialiseNewTask@pxTopOfStack              cstackBANK0   000CF
prvInitialiseNewTask@ulStackDepth              cstackBANK0   000BE
prvInitialiseNewTask@uxPriority                cstackBANK0   000C4
prvInitialiseNewTask@x                         cstackBANK0   000D1
prvInitialiseNewTask@xRegions                  cstackBANK0   000C9
prvInitialiseTaskLists@uxPriority              cstackBANK0   00070
prvInsertBlockIntoFreeList@puc                 cstackBANK0   00074
prvInsertBlockIntoFreeList@pxBlockToInsert     cstackBANK0   0006C
prvInsertBlockIntoFreeList@pxIterator          cstackBANK0   00076
prvListTasksWithinSingleList@eState            cstackBANK1   00179
prvListTasksWithinSingleList@pxConstList       cstackBANK1   00183
prvListTasksWithinSingleList@pxConstList_5162  cstackBANK1   00185
prvListTasksWithinSingleList@pxFirstTCB        cstackBANK1   0017E
prvListTasksWithinSingleList@pxList            cstackBANK1   00177
prvListTasksWithinSingleList@pxNextTCB         cstackBANK1   00180
prvListTasksWithinSingleList@pxTaskStatusArray cstackBANK1   00175
prvListTasksWithinSingleList@uxTask            cstackBANK1   00182
prvSetupTimerInterrupt@ulCompareValue          cstackBANK0   000B9
prvTaskCheckFreeStackSpace@pucStackByte        cstackBANK0   0006C
prvTaskCheckFreeStackSpace@ulCount             cstackBANK0   0006F
putch@c                                        cstackBANK0   0006C
putstring@c                                    cstackBANK0   0006D
putstring@i                                    cstackBANK0   00071
pvPortMalloc@pvReturn                          cstackBANK0   000DF
pvPortMalloc@pxBlock                           cstackBANK0   000E5
pvPortMalloc@pxNewBlockLink                    cstackBANK0   000E1
pvPortMalloc@pxPreviousBlock                   cstackBANK0   000E3
pvPortMalloc@xWantedSize                       cstackBANK0   000DB
pxPortInitialiseStack@pvParameters             cstackBANK0   00071
pxPortInitialiseStack@pxCode                   cstackBANK0   0006E
pxPortInitialiseStack@pxTopOfStack             cstackBANK0   0006C
pxPortInitialiseStack@ucBlock                  cstackBANK0   00073
pxPortInitialiseStack@ulAddress                cstackBANK0   00074
pxReadyTasksLists_info@i                       cstackBANK0   000BC
pxReadyTasksLists_info@j                       cstackBANK0   000BB
pxReadyTasksLists_info@xlist                   cstackBANK0   000BD
stackhi                                        (abs)         00000
stacklo                                        (abs)         00000
start                                          init          002F6
start_initialization                           cinit         166AA
taskInfo@tcb                                   cstackBANK0   000B9
ttemp5                                         temp          00060
ttemp6                                         temp          00063
ttemp7                                         temp          00067
uart_init@dt                                   cstackBANK0   0006E
uxTaskGetSystemState@pulTotalRunTime           cstackBANK1   0018A
uxTaskGetSystemState@pxTaskStatusArray         cstackBANK1   00187
uxTaskGetSystemState@uxArraySize               cstackBANK1   00189
uxTaskGetSystemState@uxQueue                   cstackBANK1   0018C
uxTaskGetSystemState@uxTask                    cstackBANK1   0018D
vListInitialise@pxList                         cstackBANK0   0006C
vListInitialiseItem@pxItem                     cstackBANK0   0006C
vPortFree@puc                                  cstackBANK0   000DF
vPortFree@pv                                   cstackBANK0   000DB
vPortFree@pxLink                               cstackBANK0   000E1
vStartPolledQueueTasks@xPolledQueue            bssBANK1      00173
vTaskGetInfo@eState                            cstackBANK0   000E0
vTaskGetInfo@pxTCB                             cstackBANK0   000E3
vTaskGetInfo@pxTaskStatus                      cstackBANK0   000DD
vTaskGetInfo@xGetFreeStackSpace                cstackBANK0   000DF
vTaskGetInfo@xTask                             cstackBANK0   000DB
vTaskList@cStatus                              cstackBANK1   0019F
vTaskList@pcWriteBuffer                        cstackBANK1   0018E
vTaskList@pxTaskStatusArray                    cstackBANK1   001A1
vTaskList@uxArraySize                          cstackBANK1   0019E
vTaskList@x                                    cstackBANK1   001A0
vTaskStartScheduler@xReturn                    cstackBANK0   000E7
vTaskSwitchContext@pxConstList                 cstackBANK0   000BE
vTaskSwitchContext@uxTopPriority               cstackBANK0   000BD
wtemp8                                         temp          00060
xTaskCreate@pcName                             cstackBANK1   001AD
xTaskCreate@pvParameters                       cstackBANK1   001B1
xTaskCreate@pxCreatedTask                      cstackBANK1   001B4
xTaskCreate@pxNewTCB                           cstackBANK1   001B9
xTaskCreate@pxTaskCode                         cstackBANK1   001AA
xTaskCreate@usStackDepth                       cstackBANK1   001AF
xTaskCreate@uxPriority                         cstackBANK1   001B3
xTaskCreate@xReturn                            cstackBANK1   001B8
xTaskIncrementTick@pxIndex                     cstackBANK0   000C8
xTaskIncrementTick@pxList                      cstackBANK0   000C2
xTaskIncrementTick@pxList_4041                 cstackBANK0   000C4
xTaskIncrementTick@pxTCB                       cstackBANK0   000CA
xTaskIncrementTick@pxTemp                      cstackBANK0   000BD
xTaskIncrementTick@xConstTickCount             cstackBANK0   000C6
xTaskIncrementTick@xItemValue                  cstackBANK0   000BF
xTaskIncrementTick@xSwitchRequired             cstackBANK0   000C1
xTaskResumeAll@pxIndex                         cstackBANK0   000D7
xTaskResumeAll@pxList                          cstackBANK0   000D3
xTaskResumeAll@pxList_3689                     cstackBANK0   000D5
xTaskResumeAll@pxTCB                           cstackBANK0   000D9
xTaskResumeAll@xAlreadyYielded                 cstackBANK0   000D0
xTaskResumeAll@xPendedCounts                   cstackBANK0   000D1


MODULE INFORMATION

Module		Function		Class		Link	Load	Size
Source/FreeRTOS/MemMang/heap_4.c
		_vPortFree     		CODE           	15A58	0000	284
		_pvPortMalloc  		CODE           	13780	0000	592
		_prvHeapInit   		CODE           	15E8A	0000	228
		_prvInsertBlockIntoFreeList		CODE           	141E8	0000	454

Source/FreeRTOS/MemMang/heap_4.c estimated size: 1558

C:\Program Files\Microchip\xc8\v2.41\pic\sources\c99\common\fltol.c
		___fltol       		CODE           	15C7C	0000	264

C:\Program Files\Microchip\xc8\v2.41\pic\sources\c99\common\fltol.c estimated size: 264

C:\Program Files\Microchip\xc8\v2.41\pic\sources\c99\common\xxtofl.c
		___xxtofl      		CODE           	1456E	0000	440

C:\Program Files\Microchip\xc8\v2.41\pic\sources\c99\common\xxtofl.c estimated size: 440

C:\Program Files\Microchip\xc8\v2.41\pic\sources\c99\common\memset.c
		_memset        		CODE           	14DA0	0000	376

C:\Program Files\Microchip\xc8\v2.41\pic\sources\c99\common\memset.c estimated size: 376

Source/main1.c
		_Timer0_init   		CODE           	1698E	0000	24
		_main          		CODE           	14C1C	0000	388
		_Wait          		CODE           	16812	0000	60

Source/main1.c estimated size: 472

C:\Program Files\Microchip\xc8\v2.41\pic\sources\c99\common\sprcadd.c
		___flsub       		CODE           	1673C	0000	72
		___fladd       		CODE           	10000	0000	1218

C:\Program Files\Microchip\xc8\v2.41\pic\sources\c99\common\sprcadd.c estimated size: 1290

C:\Program Files\Microchip\xc8\v2.41\pic\sources\c99\common\awdiv.c
		___awdiv       		CODE           	15F6E	0000	198

C:\Program Files\Microchip\xc8\v2.41\pic\sources\c99\common\awdiv.c estimated size: 198

C:\Program Files\Microchip\xc8\v2.41\pic\sources\c99\common\flneg.c
		___flneg       		CODE           	1684E	0000	58

C:\Program Files\Microchip\xc8\v2.41\pic\sources\c99\common\flneg.c estimated size: 58

shared
		i2_putch       		CODE           	169A6	0000	22
		i2_my_puts     		CODE           	1660C	0000	82
		_uxTopUsedPriority		MEDIUMCONST    	F859	0000	1
		i2_my_putint   		CODE           	1533A	0000	328
		i2_my_putchar  		CODE           	1695A	0000	28
		i2_my_putshex  		CODE           	126B2	0000	870
		i2_debu_uint2a 		CODE           	161B2	0000	174
		i2_my_putfloat 		CODE           	14726	0000	438
		i2_my_putshex32		CODE           	15810	0000	298
		i2___flneg     		CODE           	16888	0000	56
		i2___awdiv     		CODE           	16034	0000	196
		i2___fladd     		CODE           	104C2	0000	1216
		i2___wmul      		CODE           	16914	0000	38
		i2___fltol     		CODE           	15D84	0000	262
		__initialization		CODE           	166AA	0000	64
		i2_prvResetNextTaskUnblockTime		CODE           	16784	0000	72
		i2_vTaskSwitchContext		CODE           	156E2	0000	302
		i2_Xprintf     		CODE           	12D1A	0000	764
		_ConvC         		MEDIUMCONST    	F847	0000	16
		i2___flmul     		CODE           	11B30	0000	1066
		i2___xxtofl    		CODE           	148DC	0000	436
		i2_xTaskIncrementTick		CODE           	10E2A	0000	1178
		i2___flsub     		CODE           	167CC	0000	70
		_xHeapStructSize		MEDIUMCONST    	0000	0000	0
		i2_putstring   		CODE           	1647E	0000	130

shared estimated size: 8107

C:\Program Files\Microchip\xc8\v2.41\pic\sources\c99\common\Umul16.c
		___wmul        		CODE           	168EC	0000	40

C:\Program Files\Microchip\xc8\v2.41\pic\sources\c99\common\Umul16.c estimated size: 40

Source/uart_main.c
		_putstring     		CODE           	162EE	0000	136
		_putch         		CODE           	16976	0000	24
		_Xprintf       		CODE           	12A18	0000	770
		_uart_init     		CODE           	1655C	0000	92
		_debu_uint2a   		CODE           	160F8	0000	186
		_Set_UasrtBauRaite		CODE           	168C0	0000	44
		_my_puts       		CODE           	165B8	0000	84
		_my_putchar    		CODE           	1693A	0000	32
		_my_putshex    		CODE           	1234A	0000	872
		_my_putshex32  		CODE           	155B2	0000	304
		_my_putfloat   		CODE           	143AE	0000	448
		_my_putint     		CODE           	151E4	0000	342

Source/uart_main.c estimated size: 3334

Source/FreeRTOS/list.c
		_vListInitialiseItem		CODE           	169BC	0000	20
		_vListInitialise		CODE           	163FC	0000	130

Source/FreeRTOS/list.c estimated size: 150

Source/FreeRTOS/tasks.c
		_prvTaskCheckFreeStackSpace		CODE           	1665E	0000	76
		_taskInfo      		CODE           	13016	0000	640
		_xTaskCreate   		CODE           	15084	0000	352
		_vTaskSuspendAll		CODE           	169D0	0000	6
		_prvInitialiseNewTask		CODE           	13296	0000	636
		_uxTaskGetSystemState		CODE           	14F18	0000	364
		_vTaskStartScheduler		CODE           	15B74	0000	264
		_eTaskGetState 		CODE           	14A90	0000	396
		_pxReadyTasksLists_info		CODE           	11F5A	0000	1008
		_vTaskGetInfo  		CODE           	13E2E	0000	490
		_xTaskResumeAll		CODE           	112C4	0000	1088
		_prvListTasksWithinSingleList		CODE           	14018	0000	464
		_prvInitialiseTaskLists		CODE           	16376	0000	134
		_prvAddNewTaskToReadyList		CODE           	13512	0000	622
		_xTaskIncrementTick		CODE           	10982	0000	1192
		_vTaskSwitchContext		CODE           	15482	0000	304
		_prvResetNextTaskUnblockTime		CODE           	166F4	0000	72
		_vTaskList     		CODE           	139D0	0000	560

Source/FreeRTOS/tasks.c estimated size: 8668

Source/FreeRTOS/portable/PIC18F/port.c
		_pxPortInitialiseStack		CODE           	13C00	0000	558
		_xPortStartScheduler		CODE           	16500	0000	92
		_high_isr      		CODE           	0008	0000	750
		_vPortYield    		CODE           	1593A	0000	286
		_prvSetupTimerInterrupt		CODE           	16260	0000	142

Source/FreeRTOS/portable/PIC18F/port.c estimated size: 1828

C:\Program Files\Microchip\xc8\v2.41\pic\sources\c99\common\sprcmul.c
		___flmul       		CODE           	11704	0000	1068

C:\Program Files\Microchip\xc8\v2.41\pic\sources\c99\common\sprcmul.c estimated size: 1068

