Microchip MPLAB XC8 Compiler V2.41

Linker command line:

-W-3 \
  --edf=C:\Program Files\Microchip\xc8\v2.41\pic\dat\20230208172133_en.msgs \
  -cn -h+dist/default/production\RTOS_TEST03.X.production.sym \
  --cmf=dist/default/production\RTOS_TEST03.X.production.cmf -z -Q18F47J53 \
  -oC:\Users\nosak\AppData\Local\Temp\xcAshro.\driver_tmp_3.o \
  --defsym=__MPLAB_BUILD=1 --fixupoverflow=error \
  -Mdist/default/production/RTOS_TEST03.X.production.map \
  --md=C:\Users\nosak\AppData\Local\Temp\xcAshro.\driver_tmp_0.dat -E1 \
  -ver=XC8 Compiler --acfsm=1493 -ACODE=00h-01FFF7h -ACONST=00h-01FFF7h \
  -ASMALLCONST=01000h-010FFhx495,01FF00h-01FFF7h \
  -AMEDIUMCONST=01000h-0FFFFh,011000h-01FFF7h -ACOMRAM=01h-05Fh \
  -AABS1=00h-0EAFh -ABIGRAM=01h-0EAFh \
  -ARAM=060h-0FFh,0100h-01FFhx13,0E00h-0EAFh -ABANK0=060h-0FFh \
  -ABANK1=0100h-01FFh -ABANK2=0200h-02FFh -ABANK3=0300h-03FFh \
  -ABANK4=0400h-04FFh -ABANK5=0500h-05FFh -ABANK6=0600h-06FFh \
  -ABANK7=0700h-07FFh -ABANK8=0800h-08FFh -ABANK9=0900h-09FFh \
  -ABANK10=0A00h-0AFFh -ABANK11=0B00h-0BFFh -ABANK12=0C00h-0CFFh \
  -ABANK13=0D00h-0DFFh -ABANK14=0E00h-0EAFh \
  -ASFR=0EB0h-0EFFh,0F00h-0F5Fh,0F60h-0FFFh -ABIGSFR=0EB0h-0FFFh \
  -ACONFIG=01FFF8h-01FFFFh \
  -preset_vec=00h,intcode=08h,intcodelo,powerup,init -pramtop=01000h \
  -psmallconst=SMALLCONST -pmediumconst=MEDIUMCONST -pconst=CONST \
  -AFARRAM=00h-00h -pjflash_buffer=01F800h \
  -prdata=COMRAM,nvrram=COMRAM,nvbit=COMRAM,rbss=COMRAM,rbit=COMRAM \
  -pfarbss=FARRAM,fardata=FARRAM,nvFARRAM=FARRAM \
  -pintsave_regs=BIGRAM,bigbss=BIGRAM,bigdata=BIGRAM -pbss=RAM \
  -pidata=CODE,irdata=CODE,ibigdata=CODE,ifardata=CODE -prparam=COMRAM \
  C:\Users\nosak\AppData\Local\Temp\xcAshro.\driver_tmp_9.o \
  dist/default/production\RTOS_TEST03.X.production.o 

Object code version is 3.11

Machine type is 18F47J53



                Name                               Link     Load   Length Selector   Space Scale
C:\Users\nosak\AppData\Local\Temp\xcAshro.\driver_tmp_9.o
                config                            1FFF8    1FFF8        8        0       4
                init                                 12       12        4        4       0
                reset_vec                             0        0        4        0       0
dist/default/production\RTOS_TEST03.X.production.o
                intcode                               8        8        A        4       0
                config                            1FFF8    1FFF8        8        0       4
                temp                                 5F       5F        1        1       1
                mediumconst                        F704     F704      8FC     7B82       0
                text87                             3D70     3D70       28        4       0
                text85                             36E2     36E2       76        4       0
                text84                             24D4     24D4      146        4       0
                text83                             3C46     3C46       3C        4       0
                text82                            1EE3E    1EE3E      42A     8000       0
                text81                             3CBC     3CBC       38        4       0
                text80                            1DC36    1DC36      4C0     8000       0
                text79                             3B88     3B88       46        4       0
                text78                             2E18     2E18      106        4       0
                text77                             1A92     1A92      1B4        4       0
                text76                             3374     3374       C4        4       0
                text75                             3D98     3D98       26        4       0
                text74                             238C     238C      148        4       0
                text73                             18DC     18DC      1B6        4       0
                text72                             3DFE     3DFE       1C        4       0
                text71                             3A0E     3A0E       52        4       0
                text70                            1F9B2    1F9B2      366     8000       0
                text69                             289E     289E      12A        4       0
                text68                             3E32     3E32       16        4       0
                text67                             3660     3660       82        4       0
                text66                              366      366      2D0        4       0
                text65                            19522    19522     145E     8000       0
                text64                             3AF6     3AF6       4A        4       0
                text63                            1A980    1A980     135E     8000       0
                text62                            10000    10000     5D58     8000       0
                text61                             3C0A     3C0A       3C        4       0
                text60                             155E     155E      1C6        4       0
                text59                            1FFF2    1FFF2        6     8000       0
                text58                             3BCE     3BCE       3C        4       0
                text57                            1E0F6    1E0F6      4BA     8000       0
                text56                             3C82     3C82       3A        4       0
                text55                            1D6FC    1D6FC      53A     8000       0
                text54                             3B40     3B40       48        4       0
                text53                             2D10     2D10      108        4       0
                text52                             1724     1724      1B8        4       0
                text51                             32AE     32AE       C6        4       0
                text50                             3D48     3D48       28        4       0
                text49                             20DA     20DA      160        4       0
                text48                             1398     1398      1C6        4       0
                text47                             3DDE     3DDE       20        4       0
                text46                             39BA     39BA       54        4       0
                text45                            1F64A    1F64A      368     8000       0
                text44                             275E     275E      140        4       0
                text43                             3E1A     3E1A       18        4       0
                text42                             34D0     34D0       88        4       0
                text41                            1FD18    1FD18      2DA     8000       0
                text40                            180BE    180BE     1464     8000       0
                text39                            15D58    15D58     2366     8000       0
                text38                             3AAC     3AAC       4A        4       0
                text37                            1BCDE    1BCDE     1320     8000       0
                text36                            1EA10    1EA10      42E     8000       0
                text35                             2AE4     2AE4      11C        4       0
                text34                             3D20     3D20       28        4       0
                text33                             31D6     31D6       D8        4       0
                text32                             37CC     37CC       70        4       0
                text31                             3DBE     3DBE       20        4       0
                text30                             3E5C     3E5C       10        4       0
                text29                             29C8     29C8      11C        4       0
                text28                             1C46     1C46      196        4       0
                text27                             3758     3758       74        4       0
                text26                             3008     3008       EA        4       0
                text25                             2F1E     2F1E       EA        4       0
                text24                             3CF4     3CF4       2C        4       0
                text23                             3904     3904       5C        4       0
                text22                            1CFFE    1CFFE      6FE     8000       0
                text21                             383C     383C       6C        4       0
                text20                             3438     3438       98        4       0
                text19                             38A8     38A8       5C        4       0
                text18                             35DE     35DE       82        4       0
                text17                             3558     3558       86        4       0
                text16                              636      636      280        4       0
                text15                             30F2     30F2       E4        4       0
                text14                              D94      D94      256        4       0
                text13                             1DDC     1DDC      186        4       0
                text12                             3A60     3A60       4C        4       0
                text11                              FEA      FEA      1E4        4       0
                text10                             11CE     11CE      1CA        4       0
                text9                              261A     261A      144        4       0
                text8                               B2E      B2E      266        4       0
                text7                               8B6      8B6      278        4       0
                text6                              1F62     1F62      178        4       0
                text5                             1F268    1F268      3E2     8000       0
                text4                              3E48     3E48       14        4       0
                text3                                16       16      350        4       0
                text2                             1E5B0    1E5B0      460     8000       0
                text1                              2C00     2C00      110        4       0
                text0                              223A     223A      152        4       0
                cstackCOMRAM                          1        1       53        1       1
                cstackBANK0                          60       60       3F       60       1
                cstackBANK1                         100      100       8E      100       1
                cstackBANK2                         200      200       E3      200       1
                cstackBANK3                         380      380       30      300       1
                bssBIGRAM                           3B0      3B0      800      3B0       1
                bssBANK3                            300      300       80      300       1
                bssBANK2                            2E3      2E3       1D      200       1
                bssBANK1                            18E      18E       3F      100       1
                bssBANK0                             9F       9F       30       60       1
                bssCOMRAM                            54       54        B        1       1
                cinit                              3960     3960       5A        4       0

TOTAL           Name                               Link     Load   Length     Space
        CLASS   CODE           
                intcode                               8        8        A         0
                init                                 12       12        4         0
                reset_vec                             0        0        4         0
                text87                             3D70     3D70       28         0
                text85                             36E2     36E2       76         0
                text84                             24D4     24D4      146         0
                text83                             3C46     3C46       3C         0
                text82                            1EE3E    1EE3E      42A         0
                text81                             3CBC     3CBC       38         0
                text80                            1DC36    1DC36      4C0         0
                text79                             3B88     3B88       46         0
                text78                             2E18     2E18      106         0
                text77                             1A92     1A92      1B4         0
                text76                             3374     3374       C4         0
                text75                             3D98     3D98       26         0
                text74                             238C     238C      148         0
                text73                             18DC     18DC      1B6         0
                text72                             3DFE     3DFE       1C         0
                text71                             3A0E     3A0E       52         0
                text70                            1F9B2    1F9B2      366         0
                text69                             289E     289E      12A         0
                text68                             3E32     3E32       16         0
                text67                             3660     3660       82         0
                text66                              366      366      2D0         0
                text65                            19522    19522     145E         0
                text64                             3AF6     3AF6       4A         0
                text63                            1A980    1A980     135E         0
                text62                            10000    10000     5D58         0
                text61                             3C0A     3C0A       3C         0
                text60                             155E     155E      1C6         0
                text59                            1FFF2    1FFF2        6         0
                text58                             3BCE     3BCE       3C         0
                text57                            1E0F6    1E0F6      4BA         0
                text56                             3C82     3C82       3A         0
                text55                            1D6FC    1D6FC      53A         0
                text54                             3B40     3B40       48         0
                text53                             2D10     2D10      108         0
                text52                             1724     1724      1B8         0
                text51                             32AE     32AE       C6         0
                text50                             3D48     3D48       28         0
                text49                             20DA     20DA      160         0
                text48                             1398     1398      1C6         0
                text47                             3DDE     3DDE       20         0
                text46                             39BA     39BA       54         0
                text45                            1F64A    1F64A      368         0
                text44                             275E     275E      140         0
                text43                             3E1A     3E1A       18         0
                text42                             34D0     34D0       88         0
                text41                            1FD18    1FD18      2DA         0
                text40                            180BE    180BE     1464         0
                text39                            15D58    15D58     2366         0
                text38                             3AAC     3AAC       4A         0
                text37                            1BCDE    1BCDE     1320         0
                text36                            1EA10    1EA10      42E         0
                text35                             2AE4     2AE4      11C         0
                text34                             3D20     3D20       28         0
                text33                             31D6     31D6       D8         0
                text32                             37CC     37CC       70         0
                text31                             3DBE     3DBE       20         0
                text30                             3E5C     3E5C       10         0
                text29                             29C8     29C8      11C         0
                text28                             1C46     1C46      196         0
                text27                             3758     3758       74         0
                text26                             3008     3008       EA         0
                text25                             2F1E     2F1E       EA         0
                text24                             3CF4     3CF4       2C         0
                text23                             3904     3904       5C         0
                text22                            1CFFE    1CFFE      6FE         0
                text21                             383C     383C       6C         0
                text20                             3438     3438       98         0
                text19                             38A8     38A8       5C         0
                text18                             35DE     35DE       82         0
                text17                             3558     3558       86         0
                text16                              636      636      280         0
                text15                             30F2     30F2       E4         0
                text14                              D94      D94      256         0
                text13                             1DDC     1DDC      186         0
                text12                             3A60     3A60       4C         0
                text11                              FEA      FEA      1E4         0
                text10                             11CE     11CE      1CA         0
                text9                              261A     261A      144         0
                text8                               B2E      B2E      266         0
                text7                               8B6      8B6      278         0
                text6                              1F62     1F62      178         0
                text5                             1F268    1F268      3E2         0
                text4                              3E48     3E48       14         0
                text3                                16       16      350         0
                text2                             1E5B0    1E5B0      460         0
                text1                              2C00     2C00      110         0
                text0                              223A     223A      152         0
                cinit                              3960     3960       5A         0

        CLASS   CONST          

        CLASS   SMALLCONST     

        CLASS   MEDIUMCONST    
                mediumconst                        F704     F704      8FC         0

        CLASS   COMRAM         
                temp                                 5F       5F        1         1
                cstackCOMRAM                          1        1       53         1
                bssCOMRAM                            54       54        B         1

        CLASS   ABS1           

        CLASS   BIGRAM         
                bssBIGRAM                           3B0      3B0      800         1

        CLASS   RAM            

        CLASS   BANK0          
                cstackBANK0                          60       60       3F         1
                bssBANK0                             9F       9F       30         1

        CLASS   BANK1          
                cstackBANK1                         100      100       8E         1
                bssBANK1                            18E      18E       3F         1

        CLASS   BANK2          
                cstackBANK2                         200      200       E3         1
                bssBANK2                            2E3      2E3       1D         1

        CLASS   BANK3          
                cstackBANK3                         380      380       30         1
                bssBANK3                            300      300       80         1

        CLASS   BANK4          

        CLASS   BANK5          

        CLASS   BANK6          

        CLASS   BANK7          

        CLASS   BANK8          

        CLASS   BANK9          

        CLASS   BANK10         

        CLASS   BANK11         

        CLASS   BANK12         

        CLASS   BANK13         

        CLASS   BANK14         

        CLASS   SFR            

        CLASS   BIGSFR         

        CLASS   CONFIG         
                config                            1FFF8    1FFF8        8         4

        CLASS   FARRAM         

        CLASS   HEAP           

        CLASS   STACK          

        CLASS   IDLOC          



SEGMENTS        Name                           Load    Length   Top    Selector   Space  Class

                reset_vec                      000000  000004  000004         0       0  CODE    
                cstackCOMRAM                   000001  00005F  000060         1       1  COMRAM  
                intcode                        000008  003E64  003E6C         4       0  CODE    
                cstackBANK0                    000060  00006F  0000CF        60       1  BANK0   
                cstackBANK1                    000100  0000CD  0001CD       100       1  BANK1   
                cstackBANK2                    000200  000100  000300       200       1  BANK2   
                bssBANK3                       000300  0000B0  0003B0       300       1  BANK3   
                bssBIGRAM                      0003B0  000800  000BB0       3B0       1  BIGRAM  
                mediumconst                    00F704  0008FC  010000      7B82       0  MEDIUMCO
                text62                         010000  00FFF8  01FFF8      8000       0  CODE    


UNUSED ADDRESS RANGES

        Name                Unused          Largest block    Delta
        BANK0            000CF-000FF              31
        BANK1            001CD-001FF              33
        BANK11           00BB0-00BFF              50
        BANK12           00C00-00CFF             100
        BANK13           00D00-00DFF             100
        BANK14           00E00-00EAF              B0
        BIGRAM           000CF-000FF              31
                         001CD-001FF              33
                         00BB0-00EAF             300
        BIGSFR           00EB0-00FFF             150
        CODE             00004-00007               4
                         03E6C-0F703            B898
        CONST            00004-00007               4
                         03E6C-0F703            B898
        MEDIUMCONST      03E6C-0F703            B898
        RAM              000CF-000FF              31
                         001CD-001FF              33
                         00BB0-00EAF             100
        SFR              00EB0-00FFF              60
        SMALLCONST       03E6C-0F703             100

                                  Symbol Table

?_Xprintf                                            cstackBANK2   00220
?___awdiv                                            cstackBANK0   00091
?___fladd                                            cstackBANK0   00091
?___flmul                                            cstackBANK0   00091
?___flneg                                            cstackBANK0   00091
?___flsub                                            cstackBANK2   00204
?___fltol                                            cstackBANK0   00091
?___lmul                                             cstackBANK0   00091
?___wmul                                             cstackBANK0   00091
?___xxtofl                                           cstackBANK0   00091
?_my_putchar                                         cstackBANK0   00091
?_my_putfloat                                        cstackBANK2   0020D
?_my_putint                                          cstackBANK0   00099
?_my_puts                                            cstackBANK0   00094
?_my_putshex                                         cstackBANK0   00091
?_my_putshex32                                       cstackBANK0   00091
?_prvTaskCheckFreeStackSpace                         cstackBANK0   00091
?_pvPortMalloc                                       cstackBANK2   002B7
?_pxPortInitialiseStack                              cstackBANK2   00241
?i1_Xprintf                                          cstackCOMRAM  0002D
?i1___awdiv                                          cstackCOMRAM  00001
?i1___fladd                                          cstackCOMRAM  00001
?i1___flmul                                          cstackCOMRAM  00001
?i1___flneg                                          cstackCOMRAM  00001
?i1___flsub                                          cstackCOMRAM  00011
?i1___fltol                                          cstackCOMRAM  00001
?i1___wmul                                           cstackCOMRAM  00001
?i1___xxtofl                                         cstackCOMRAM  00001
?i1_my_putchar                                       cstackCOMRAM  00001
?i1_my_putfloat                                      cstackCOMRAM  0001A
?i1_my_putint                                        cstackCOMRAM  00009
?i1_my_puts                                          cstackCOMRAM  00004
?i1_my_putshex                                       cstackCOMRAM  00001
?i1_my_putshex32                                     cstackCOMRAM  00001
Set_UasrtBauRaite@dt                                 cstackBANK0   00091
Wait@i                                               cstackBANK0   00094
Wait@num                                             cstackBANK0   00091
Xprintf@Malloc_buf                                   cstackBANK2   0023B
Xprintf@ap                                           cstackBANK2   0023D
Xprintf@buffer                                       cstackBANK2   0023F
Xprintf@ch                                           cstackBANK2   0023A
Xprintf@charvalue                                    cstackBANK2   00236
Xprintf@floatvalue                                   cstackBANK2   00230
Xprintf@intvalue                                     cstackBANK2   00234
Xprintf@string                                       cstackBANK2   00220
Xprintf@uint32value                                  cstackBANK2   0022C
Xprintf@uintvalue                                    cstackBANK2   00238
_ANCON0                                              (abs)         00F48
_ANCON1                                              (abs)         00F49
_BAUDCON2                                            (abs)         00F7C
_BAUDCON2bits                                        (abs)         00F7C
_BSR                                                 (abs)         00FE0
_CCP1CON                                             (abs)         00FBA
_CCPR1H                                              (abs)         00FBC
_CCPR1L                                              (abs)         00FBB
_CCPTMRS0                                            (abs)         00F52
_ConvC                                               mediumconst   0F705
_EECON2                                              (abs)         00FA7
_FSEN                                                (abs)         079CA
_FSR0H                                               (abs)         00FEA
_FSR0L                                               (abs)         00FE9
_FSR1H                                               (abs)         00FE2
_FSR1L                                               (abs)         00FE1
_FSR2H                                               (abs)         00FDA
_FSR2L                                               (abs)         00FD9
_INDF0                                               (abs)         00FEF
_INDF1                                               (abs)         00FE7
_INTCON                                              (abs)         00FF2
_INTCONbits                                          (abs)         00FF2
_IPR1bits                                            (abs)         00F9F
_IPR3bits                                            (abs)         00FA5
_LATAbits                                            (abs)         00F89
_OSCCON                                              (abs)         00FD3
_PCLATH                                              (abs)         00FFA
_PCLATU                                              (abs)         00FFB
_PIE1bits                                            (abs)         00F9D
_PIE3bits                                            (abs)         00FA3
_PIR1bits                                            (abs)         00F9E
_PIR3bits                                            (abs)         00FA4
_PLLEN                                               (abs)         07CDE
_PORTA                                               (abs)         00F80
_PORTB                                               (abs)         00F81
_PORTC                                               (abs)         00F82
_PORTD                                               (abs)         00F83
_PORTDbits                                           (abs)         00F83
_POSTINC1                                            (abs)         00FE6
_PPSCONbits                                          (abs)         00EBF
_PRODH                                               (abs)         00FF4
_PRODL                                               (abs)         00FF3
_RBPU                                                (abs)         07F8F
_RCONbits                                            (abs)         00FD0
_RCREG                                               (abs)         00FAF
_RCREG2                                              (abs)         00FAA
_RCSTA                                               (abs)         00FAC
_RCSTA2                                              (abs)         00F9C
_RCSTA2bits                                          (abs)         00F9C
_RCSTAbits                                           (abs)         00FAC
_RPINR16                                             (abs)         00EF7
_RPOR23                                              (abs)         00ED7
_RTCdt                                               bssBANK1      00198
_SPBRG                                               (abs)         00FB0
_SPBRG2                                              (abs)         00FAB
_SPBRGH2                                             (abs)         00F7D
_STATUS                                              (abs)         00FD8
_STKPTR                                              (abs)         00FFC
_Set_UasrtBauRaite                                   text24        03CF4
_T0CON                                               (abs)         00FD5
_T0CONbits                                           (abs)         00FD5
_T1CON                                               (abs)         00FCD
_T1CONbits                                           (abs)         00FCD
_T3CON                                               (abs)         00F79
_TABLAT                                              (abs)         00FF5
_TBLPTRH                                             (abs)         00FF7
_TBLPTRL                                             (abs)         00FF6
_TBLPTRU                                             (abs)         00FF8
_TMR0H                                               (abs)         00FD7
_TMR0L                                               (abs)         00FD6
_TMR1H                                               (abs)         00FCF
_TMR1L                                               (abs)         00FCE
_TMR3H                                               (abs)         00F7B
_TMR3L                                               (abs)         00F7A
_TOSH                                                (abs)         00FFE
_TOSL                                                (abs)         00FFD
_TOSU                                                (abs)         00FFF
_TRISA                                               (abs)         00F92
_TRISAbits                                           (abs)         00F92
_TRISB                                               (abs)         00F93
_TRISBbits                                           (abs)         00F93
_TRISC                                               (abs)         00F94
_TRISD                                               (abs)         00F95
_TRISDbits                                           (abs)         00F95
_TXREG                                               (abs)         00FAE
_TXREG2                                              (abs)         00FA9
_TXSTA                                               (abs)         00FAD
_TXSTA2                                              (abs)         00FA8
_TXSTA2bits                                          (abs)         00FA8
_WREG                                                (abs)         00FE8
_Wait                                                text61        03C0A
_Xprintf                                             text41        1FD18
__HRAM                                               (abs)         00000
__H__absolute__                                      __absolute__  00000
__Habs1                                              abs1          00000
__Hbank0                                             bank0         00000
__Hbank1                                             bank1         00000
__Hbank10                                            bank10        00000
__Hbank11                                            bank11        00000
__Hbank12                                            bank12        00000
__Hbank13                                            bank13        00000
__Hbank14                                            bank14        00000
__Hbank2                                             bank2         00000
__Hbank3                                             bank3         00000
__Hbank4                                             bank4         00000
__Hbank5                                             bank5         00000
__Hbank6                                             bank6         00000
__Hbank7                                             bank7         00000
__Hbank8                                             bank8         00000
__Hbank9                                             bank9         00000
__Hbigbss                                            bigbss        00000
__Hbigdata                                           bigdata       00000
__Hbigram                                            bigram        00000
__Hbigsfr                                            bigsfr        00000
__Hbss                                               bss           00000
__HbssBANK0                                          bssBANK0      00000
__HbssBANK1                                          bssBANK1      00000
__HbssBANK2                                          bssBANK2      00000
__HbssBANK3                                          bssBANK3      00000
__HbssBIGRAM                                         bssBIGRAM     00000
__HbssCOMRAM                                         bssCOMRAM     00000
__Hcinit                                             cinit         00000
__Hclrtext                                           clrtext       00000
__Hcomram                                            comram        00000
__Hconfig                                            config        20000
__Hconst                                             const         00000
__HcstackBANK0                                       cstackBANK0   00000
__HcstackBANK1                                       cstackBANK1   00000
__HcstackBANK2                                       cstackBANK2   00000
__HcstackBANK3                                       cstackBANK3   00000
__HcstackCOMRAM                                      cstackCOMRAM  00000
__Hdata                                              data          00000
__Hfarbss                                            farbss        00000
__Hfardata                                           fardata       00000
__Hheap                                              heap          00000
__Hibigdata                                          ibigdata      00000
__Hidata                                             idata         00000
__Hidloc                                             idloc         00000
__Hifardata                                          ifardata      00000
__Hinit                                              init          00016
__Hintcode                                           intcode       00012
__Hintcode_body                                      intcode_body  00000
__Hintcodelo                                         intcodelo     00012
__Hintentry                                          intentry      00000
__Hintret                                            intret        00000
__Hintsave_regs                                      intsave_regs  00000
__Hirdata                                            irdata        00000
__Hjflash_buffer                                     jflash_buffer 1F800
__Hmediumconst                                       mediumconst   10000
__HnvFARRAM                                          nvFARRAM      00000
__Hnvbit                                             nvbit         00000
__Hnvrram                                            nvrram        00000
__Hparam                                             rparam        00000
__Hpowerup                                           powerup       00012
__Hram                                               ram           00000
__Hramtop                                            ramtop        01000
__Hrbit                                              rbit          00000
__Hrbss                                              rbss          00000
__Hrdata                                             rdata         00000
__Hreset_vec                                         reset_vec     00004
__Hrparam                                            rparam        00000
__Hsfr                                               sfr           00000
__Hsmallconst                                        smallconst    00000
__Hspace_0                                           (abs)         1FFF8
__Hspace_1                                           (abs)         00BB0
__Hspace_2                                           (abs)         00000
__Hspace_4                                           (abs)         3FFF8
__Hstack                                             stack         00000
__Hstruct                                            struct        00000
__Htemp                                              temp          00060
__Htext                                              text          00000
__Htext0                                             text0         00000
__Htext1                                             text1         00000
__Htext10                                            text10        00000
__Htext11                                            text11        00000
__Htext12                                            text12        00000
__Htext13                                            text13        00000
__Htext14                                            text14        00000
__Htext15                                            text15        00000
__Htext16                                            text16        00000
__Htext17                                            text17        00000
__Htext18                                            text18        00000
__Htext19                                            text19        00000
__Htext2                                             text2         00000
__Htext20                                            text20        00000
__Htext21                                            text21        00000
__Htext22                                            text22        00000
__Htext23                                            text23        00000
__Htext24                                            text24        00000
__Htext25                                            text25        00000
__Htext26                                            text26        00000
__Htext27                                            text27        00000
__Htext28                                            text28        00000
__Htext29                                            text29        00000
__Htext3                                             text3         00000
__Htext30                                            text30        00000
__Htext31                                            text31        00000
__Htext32                                            text32        00000
__Htext33                                            text33        00000
__Htext34                                            text34        00000
__Htext35                                            text35        00000
__Htext36                                            text36        00000
__Htext37                                            text37        00000
__Htext38                                            text38        00000
__Htext39                                            text39        00000
__Htext4                                             text4         00000
__Htext40                                            text40        00000
__Htext41                                            text41        00000
__Htext42                                            text42        00000
__Htext43                                            text43        00000
__Htext44                                            text44        00000
__Htext45                                            text45        00000
__Htext46                                            text46        00000
__Htext47                                            text47        00000
__Htext48                                            text48        00000
__Htext49                                            text49        00000
__Htext5                                             text5         00000
__Htext50                                            text50        00000
__Htext51                                            text51        00000
__Htext52                                            text52        00000
__Htext53                                            text53        00000
__Htext54                                            text54        00000
__Htext55                                            text55        00000
__Htext56                                            text56        00000
__Htext57                                            text57        00000
__Htext58                                            text58        00000
__Htext59                                            text59        00000
__Htext6                                             text6         00000
__Htext60                                            text60        00000
__Htext61                                            text61        00000
__Htext62                                            text62        00000
__Htext63                                            text63        00000
__Htext64                                            text64        00000
__Htext65                                            text65        00000
__Htext66                                            text66        00000
__Htext67                                            text67        00000
__Htext68                                            text68        00000
__Htext69                                            text69        00000
__Htext7                                             text7         00000
__Htext70                                            text70        00000
__Htext71                                            text71        00000
__Htext72                                            text72        00000
__Htext73                                            text73        00000
__Htext74                                            text74        00000
__Htext75                                            text75        00000
__Htext76                                            text76        00000
__Htext77                                            text77        00000
__Htext78                                            text78        00000
__Htext79                                            text79        00000
__Htext8                                             text8         00000
__Htext80                                            text80        00000
__Htext81                                            text81        00000
__Htext82                                            text82        00000
__Htext83                                            text83        00000
__Htext84                                            text84        00000
__Htext85                                            text85        00000
__Htext87                                            text87        00000
__Htext88                                            text88        00000
__Htext9                                             text9         00000
__LRAM                                               (abs)         00001
__L__absolute__                                      __absolute__  00000
__Labs1                                              abs1          00000
__Lbank0                                             bank0         00000
__Lbank1                                             bank1         00000
__Lbank10                                            bank10        00000
__Lbank11                                            bank11        00000
__Lbank12                                            bank12        00000
__Lbank13                                            bank13        00000
__Lbank14                                            bank14        00000
__Lbank2                                             bank2         00000
__Lbank3                                             bank3         00000
__Lbank4                                             bank4         00000
__Lbank5                                             bank5         00000
__Lbank6                                             bank6         00000
__Lbank7                                             bank7         00000
__Lbank8                                             bank8         00000
__Lbank9                                             bank9         00000
__Lbigbss                                            bigbss        00000
__Lbigdata                                           bigdata       00000
__Lbigram                                            bigram        00000
__Lbigsfr                                            bigsfr        00000
__Lbss                                               bss           00000
__LbssBANK0                                          bssBANK0      00000
__LbssBANK1                                          bssBANK1      00000
__LbssBANK2                                          bssBANK2      00000
__LbssBANK3                                          bssBANK3      00000
__LbssBIGRAM                                         bssBIGRAM     00000
__LbssCOMRAM                                         bssCOMRAM     00000
__Lcinit                                             cinit         00000
__Lclrtext                                           clrtext       00000
__Lcomram                                            comram        00000
__Lconfig                                            config        00000
__Lconst                                             const         00000
__LcstackBANK0                                       cstackBANK0   00000
__LcstackBANK1                                       cstackBANK1   00000
__LcstackBANK2                                       cstackBANK2   00000
__LcstackBANK3                                       cstackBANK3   00000
__LcstackCOMRAM                                      cstackCOMRAM  00000
__Ldata                                              data          00000
__Lfarbss                                            farbss        00000
__Lfardata                                           fardata       00000
__Lheap                                              heap          00000
__Libigdata                                          ibigdata      00000
__Lidata                                             idata         00000
__Lidloc                                             idloc         00000
__Lifardata                                          ifardata      00000
__Linit                                              init          00012
__Lintcode                                           intcode       00008
__Lintcode_body                                      intcode_body  00000
__Lintcodelo                                         intcodelo     00012
__Lintentry                                          intentry      00000
__Lintret                                            intret        00000
__Lintsave_regs                                      intsave_regs  00000
__Lirdata                                            irdata        00000
__Ljflash_buffer                                     jflash_buffer 1F800
__Lmediumconst                                       mediumconst   0F704
__LnvFARRAM                                          nvFARRAM      00000
__Lnvbit                                             nvbit         00000
__Lnvrram                                            nvrram        00000
__Lparam                                             rparam        00000
__Lpowerup                                           powerup       00012
__Lram                                               ram           00000
__Lramtop                                            ramtop        01000
__Lrbit                                              rbit          00000
__Lrbss                                              rbss          00000
__Lrdata                                             rdata         00000
__Lreset_vec                                         reset_vec     00000
__Lrparam                                            rparam        00000
__Lsfr                                               sfr           00000
__Lsmallconst                                        smallconst    00000
__Lspace_0                                           (abs)         00000
__Lspace_1                                           (abs)         00000
__Lspace_2                                           (abs)         00000
__Lspace_4                                           (abs)         00000
__Lstack                                             stack         00000
__Lstruct                                            struct        00000
__Ltemp                                              temp          0005F
__Ltext                                              text          00000
__Ltext0                                             text0         00000
__Ltext1                                             text1         00000
__Ltext10                                            text10        00000
__Ltext11                                            text11        00000
__Ltext12                                            text12        00000
__Ltext13                                            text13        00000
__Ltext14                                            text14        00000
__Ltext15                                            text15        00000
__Ltext16                                            text16        00000
__Ltext17                                            text17        00000
__Ltext18                                            text18        00000
__Ltext19                                            text19        00000
__Ltext2                                             text2         00000
__Ltext20                                            text20        00000
__Ltext21                                            text21        00000
__Ltext22                                            text22        00000
__Ltext23                                            text23        00000
__Ltext24                                            text24        00000
__Ltext25                                            text25        00000
__Ltext26                                            text26        00000
__Ltext27                                            text27        00000
__Ltext28                                            text28        00000
__Ltext29                                            text29        00000
__Ltext3                                             text3         00000
__Ltext30                                            text30        00000
__Ltext31                                            text31        00000
__Ltext32                                            text32        00000
__Ltext33                                            text33        00000
__Ltext34                                            text34        00000
__Ltext35                                            text35        00000
__Ltext36                                            text36        00000
__Ltext37                                            text37        00000
__Ltext38                                            text38        00000
__Ltext39                                            text39        00000
__Ltext4                                             text4         00000
__Ltext40                                            text40        00000
__Ltext41                                            text41        00000
__Ltext42                                            text42        00000
__Ltext43                                            text43        00000
__Ltext44                                            text44        00000
__Ltext45                                            text45        00000
__Ltext46                                            text46        00000
__Ltext47                                            text47        00000
__Ltext48                                            text48        00000
__Ltext49                                            text49        00000
__Ltext5                                             text5         00000
__Ltext50                                            text50        00000
__Ltext51                                            text51        00000
__Ltext52                                            text52        00000
__Ltext53                                            text53        00000
__Ltext54                                            text54        00000
__Ltext55                                            text55        00000
__Ltext56                                            text56        00000
__Ltext57                                            text57        00000
__Ltext58                                            text58        00000
__Ltext59                                            text59        00000
__Ltext6                                             text6         00000
__Ltext60                                            text60        00000
__Ltext61                                            text61        00000
__Ltext62                                            text62        00000
__Ltext63                                            text63        00000
__Ltext64                                            text64        00000
__Ltext65                                            text65        00000
__Ltext66                                            text66        00000
__Ltext67                                            text67        00000
__Ltext68                                            text68        00000
__Ltext69                                            text69        00000
__Ltext7                                             text7         00000
__Ltext70                                            text70        00000
__Ltext71                                            text71        00000
__Ltext72                                            text72        00000
__Ltext73                                            text73        00000
__Ltext74                                            text74        00000
__Ltext75                                            text75        00000
__Ltext76                                            text76        00000
__Ltext77                                            text77        00000
__Ltext78                                            text78        00000
__Ltext79                                            text79        00000
__Ltext8                                             text8         00000
__Ltext80                                            text80        00000
__Ltext81                                            text81        00000
__Ltext82                                            text82        00000
__Ltext83                                            text83        00000
__Ltext84                                            text84        00000
__Ltext85                                            text85        00000
__Ltext87                                            text87        00000
__Ltext88                                            text88        00000
__Ltext9                                             text9         00000
__S0                                                 (abs)         1FFF8
__S1                                                 (abs)         00BB0
__S4                                                 (abs)         00000
___awdiv                                             text51        032AE
___awdiv@counter                                     cstackBANK0   00095
___awdiv@dividend                                    cstackBANK0   00091
___awdiv@divisor                                     cstackBANK0   00093
___awdiv@quotient                                    cstackBANK0   00097
___awdiv@sign                                        cstackBANK0   00096
___fladd                                             text55        1D6FC
___fladd@a                                           cstackBANK0   00095
___fladd@aexp                                        cstackBANK2   00201
___fladd@b                                           cstackBANK0   00091
___fladd@bexp                                        cstackBANK2   00202
___fladd@grs                                         cstackBANK2   00203
___fladd@signs                                       cstackBANK2   00200
___flmul                                             text57        1E0F6
___flmul@a                                           cstackBANK0   00095
___flmul@aexp                                        cstackBANK2   00201
___flmul@b                                           cstackBANK0   00091
___flmul@bexp                                        cstackBANK2   00206
___flmul@grs                                         cstackBANK2   00202
___flmul@prod                                        cstackBANK2   00207
___flmul@sign                                        cstackBANK2   00200
___flmul@temp                                        cstackBANK2   0020B
___flneg                                             text56        03C82
___flneg@f1                                          cstackBANK0   00091
___flsub                                             text54        03B40
___flsub@a                                           cstackBANK2   00208
___flsub@b                                           cstackBANK2   00204
___fltol                                             text53        02D10
___fltol@exp1                                        cstackBANK0   0009A
___fltol@f1                                          cstackBANK0   00091
___fltol@sign1                                       cstackBANK0   00099
___heap_hi                                           (abs)         00000
___heap_lo                                           (abs)         00000
___inthi_sp                                          stack         00000
___intlo_sp                                          stack         00000
___lmul                                              text21        0383C
___lmul@multiplicand                                 cstackBANK0   00095
___lmul@multiplier                                   cstackBANK0   00091
___lmul@product                                      cstackBANK0   00099
___param_bank                                        (abs)         00000
___rparam_used                                       (abs)         00001
___sp                                                stack         00000
___wmul                                              text50        03D48
___wmul@multiplicand                                 cstackBANK0   00093
___wmul@multiplier                                   cstackBANK0   00091
___wmul@product                                      cstackBANK0   00095
___xxtofl                                            text52        01724
___xxtofl@arg                                        cstackBANK0   0009B
___xxtofl@exp                                        cstackBANK0   0009A
___xxtofl@sign                                       cstackBANK0   00099
___xxtofl@val                                        cstackBANK0   00091
__accesstop                                          (abs)         00060
__activetblptr                                       (abs)         00003
__end_of_ConvC                                       mediumconst   0F715
__end_of_Set_UasrtBauRaite                           text24        03D20
__end_of_Wait                                        text61        03C46
__end_of_Xprintf                                     text41        1FFF2
__end_of___awdiv                                     text51        03374
__end_of___fladd                                     text55        1DC36
__end_of___flmul                                     text57        1E5B0
__end_of___flneg                                     text56        03CBC
__end_of___flsub                                     text54        03B88
__end_of___fltol                                     text53        02E18
__end_of___lmul                                      text21        038A8
__end_of___wmul                                      text50        03D70
__end_of___xxtofl                                    text52        018DC
__end_of__initialization                             cinit         039B0
__end_of_eTaskGetState                               text13        01F62
__end_of_high_isr                                    intcode       00012
__end_of_high_isr_main                               text87        03D98
__end_of_main                                        text0         0238C
__end_of_memset                                      text6         020DA
__end_of_my_putchar                                  text47        03DFE
__end_of_my_putfloat                                 text48        0155E
__end_of_my_putint                                   text49        0223A
__end_of_my_puts                                     text46        03A0E
__end_of_my_putshex                                  text45        1F9B2
__end_of_my_putshex32                                text44        0289E
__end_of_prvAddCurrentTaskToDelayedList              text28        01DDC
__end_of_prvAddNewTaskToReadyList                    text7         00B2E
__end_of_prvCheckTasksWaitingTermination             text32        0383C
__end_of_prvDeleteTCB                                text34        03D48
__end_of_prvHeapInit                                 text15        031D6
__end_of_prvIdleTask                                 text31        03DDE
__end_of_prvIdleTask_entry                           text30        03E6C
__end_of_prvInitialiseNewTask                        text3         00366
__end_of_prvInitialiseTaskLists                      text17        035DE
__end_of_prvInsertBlockIntoFreeList                  text60        01724
__end_of_prvListTasksWithinSingleList                text10        01398
__end_of_prvResetNextTaskUnblockTime                 text38        03AF6
__end_of_prvSetupTimerInterrupt                      text20        034D0
__end_of_prvTaskCheckFreeStackSpace                  text12        03AAC
__end_of_prvTickISR                                  text62        15D58
__end_of_putch                                       text43        03E32
__end_of_putstring                                   text42        03558
__end_of_pvPortMalloc                                text14        00FEA
__end_of_pxCurrentTCB_point                          text58        03C0A
__end_of_pxPortInitialiseStack                       text5         1F64A
__end_of_pxReadyTasksLists_info                      text22        1D6FC
__end_of_stack_ptr_disp                              text84        0261A
__end_of_task001                                     text26        030F2
__end_of_task002                                     text25        03008
__end_of_taskInfo                                    text16        008B6
__end_of_timer0_ISR                                  text85        03758
__end_of_uart_init                                   text23        03960
__end_of_uxListRemove                                text33        032AE
__end_of_uxTaskGetSystemState                        text9         0275E
__end_of_uxTopUsedPriority                           mediumconst   0F718
__end_of_vListInitialise                             text18        03660
__end_of_vListInitialiseItem                         text4         03E5C
__end_of_vListInsert                                 text29        02AE4
__end_of_vPortFree                                   text35        02C00
__end_of_vPortYield                                  text39        180BE
__end_of_vTaskDelay                                  text27        037CC
__end_of_vTaskGetInfo                                text11        011CE
__end_of_vTaskList                                   text8         00D94
__end_of_vTaskStartScheduler                         text1         02D10
__end_of_vTaskSuspendAll                             text59        1FFF8
__end_of_vTaskSwitchContext                          text40        19522
__end_of_xHeapStructSize                             mediumconst   0F717
__end_of_xPortStartScheduler                         text19        03904
__end_of_xTaskCreate                                 text2         1EA10
__end_of_xTaskIncrementTick                          text37        1CFFE
__end_of_xTaskResumeAll                              text36        1EE3E
__end_ofi1_Xprintf                                   text66        00636
__end_ofi1___awdiv                                   text76        03438
__end_ofi1___fladd                                   text80        1E0F6
__end_ofi1___flmul                                   text82        1F268
__end_ofi1___flneg                                   text81        03CF4
__end_ofi1___flsub                                   text79        03BCE
__end_ofi1___fltol                                   text78        02F1E
__end_ofi1___wmul                                    text75        03DBE
__end_ofi1___xxtofl                                  text77        01C46
__end_ofi1_my_putchar                                text72        03E1A
__end_ofi1_my_putfloat                               text73        01A92
__end_ofi1_my_putint                                 text74        024D4
__end_ofi1_my_puts                                   text71        03A60
__end_ofi1_my_putshex                                text70        1FD18
__end_ofi1_my_putshex32                              text69        029C8
__end_ofi1_prvResetNextTaskUnblockTime               text64        03B40
__end_ofi1_putch                                     text68        03E48
__end_ofi1_putstring                                 text67        036E2
__end_ofi1_pxCurrentTCB_point                        text83        03C82
__end_ofi1_vTaskSwitchContext                        text65        1A980
__end_ofi1_xTaskIncrementTick                        text63        1BCDE
__initialization                                     cinit         03960
__mediumconst                                        mediumconst   0F704
__pbssBANK0                                          bssBANK0      0009F
__pbssBANK1                                          bssBANK1      0018E
__pbssBANK2                                          bssBANK2      002E3
__pbssBANK3                                          bssBANK3      00300
__pbssBIGRAM                                         bssBIGRAM     003B0
__pbssCOMRAM                                         bssCOMRAM     00054
__pcinit                                             cinit         03960
__pcstackBANK0                                       cstackBANK0   00060
__pcstackBANK1                                       cstackBANK1   00100
__pcstackBANK2                                       cstackBANK2   00200
__pcstackBANK3                                       cstackBANK3   00380
__pcstackCOMRAM                                      cstackCOMRAM  00001
__pintcode                                           intcode       00008
__pmediumconst                                       mediumconst   0F704
__ptext0                                             text0         0223A
__ptext1                                             text1         02C00
__ptext10                                            text10        011CE
__ptext11                                            text11        00FEA
__ptext12                                            text12        03A60
__ptext13                                            text13        01DDC
__ptext14                                            text14        00D94
__ptext15                                            text15        030F2
__ptext16                                            text16        00636
__ptext17                                            text17        03558
__ptext18                                            text18        035DE
__ptext19                                            text19        038A8
__ptext2                                             text2         1E5B0
__ptext20                                            text20        03438
__ptext21                                            text21        0383C
__ptext22                                            text22        1CFFE
__ptext23                                            text23        03904
__ptext24                                            text24        03CF4
__ptext25                                            text25        02F1E
__ptext26                                            text26        03008
__ptext27                                            text27        03758
__ptext28                                            text28        01C46
__ptext29                                            text29        029C8
__ptext3                                             text3         00016
__ptext30                                            text30        03E5C
__ptext31                                            text31        03DBE
__ptext32                                            text32        037CC
__ptext33                                            text33        031D6
__ptext34                                            text34        03D20
__ptext35                                            text35        02AE4
__ptext36                                            text36        1EA10
__ptext37                                            text37        1BCDE
__ptext38                                            text38        03AAC
__ptext39                                            text39        15D58
__ptext4                                             text4         03E48
__ptext40                                            text40        180BE
__ptext41                                            text41        1FD18
__ptext42                                            text42        034D0
__ptext43                                            text43        03E1A
__ptext44                                            text44        0275E
__ptext45                                            text45        1F64A
__ptext46                                            text46        039BA
__ptext47                                            text47        03DDE
__ptext48                                            text48        01398
__ptext49                                            text49        020DA
__ptext5                                             text5         1F268
__ptext50                                            text50        03D48
__ptext51                                            text51        032AE
__ptext52                                            text52        01724
__ptext53                                            text53        02D10
__ptext54                                            text54        03B40
__ptext55                                            text55        1D6FC
__ptext56                                            text56        03C82
__ptext57                                            text57        1E0F6
__ptext58                                            text58        03BCE
__ptext59                                            text59        1FFF2
__ptext6                                             text6         01F62
__ptext60                                            text60        0155E
__ptext61                                            text61        03C0A
__ptext62                                            text62        10000
__ptext63                                            text63        1A980
__ptext64                                            text64        03AF6
__ptext65                                            text65        19522
__ptext66                                            text66        00366
__ptext67                                            text67        03660
__ptext68                                            text68        03E32
__ptext69                                            text69        0289E
__ptext7                                             text7         008B6
__ptext70                                            text70        1F9B2
__ptext71                                            text71        03A0E
__ptext72                                            text72        03DFE
__ptext73                                            text73        018DC
__ptext74                                            text74        0238C
__ptext75                                            text75        03D98
__ptext76                                            text76        03374
__ptext77                                            text77        01A92
__ptext78                                            text78        02E18
__ptext79                                            text79        03B88
__ptext8                                             text8         00B2E
__ptext80                                            text80        1DC36
__ptext81                                            text81        03CBC
__ptext82                                            text82        1EE3E
__ptext83                                            text83        03C46
__ptext84                                            text84        024D4
__ptext85                                            text85        036E2
__ptext87                                            text87        03D70
__ptext88                                            text88        00000
__ptext9                                             text9         0261A
__ramtop                                             ramtop        01000
__smallconst                                         smallconst    00000
_eTaskGetState                                       text13        01DDC
_high_isr                                            intcode       00008
_high_isr_main                                       text87        03D70
_isr_cbuf                                            bssBANK1      0018E
_isr_cnt                                             bssBANK2      002F2
_main                                                text0         0223A
_memset                                              text6         01F62
_my_putchar                                          text47        03DDE
_my_putfloat                                         text48        01398
_my_putint                                           text49        020DA
_my_puts                                             text46        039BA
_my_putshex                                          text45        1F64A
_my_putshex32                                        text44        0275E
_printbuf                                            bssBANK3      00300
_prvAddCurrentTaskToDelayedList                      text28        01C46
_prvAddNewTaskToReadyList                            text7         008B6
_prvCheckTasksWaitingTermination                     text32        037CC
_prvDeleteTCB                                        text34        03D20
_prvHeapInit                                         text15        030F2
_prvIdleTask                                         text31        03DBE
_prvIdleTask_entry                                   text30        03E5C
_prvInitialiseNewTask                                text3         00016
_prvInitialiseTaskLists                              text17        03558
_prvInsertBlockIntoFreeList                          text60        0155E
_prvListTasksWithinSingleList                        text10        011CE
_prvResetNextTaskUnblockTime                         text38        03AAC
[...]
prvTickISR@_s_943                                    cstackBANK1   0015A
prvTickISR@_s_945                                    cstackBANK1   0015C
prvTickISR@_s_947                                    cstackBANK1   0015E
prvTickISR@_s_949                                    cstackBANK1   00160
prvTickISR@_s_951                                    cstackBANK1   00162
prvTickISR@_s_953                                    cstackBANK1   00164
prvTickISR@_s_955                                    cstackBANK1   00166
prvTickISR@_s_957                                    cstackBANK1   00168
prvTickISR@_s_959                                    cstackBANK1   0016A
prvTickISR@_s_961                                    cstackBANK1   0016C
prvTickISR@_s_963                                    cstackBANK1   0016E
prvTickISR@_s_965                                    cstackBANK1   00170
prvTickISR@_s_967                                    cstackBANK1   00172
prvTickISR@_s_969                                    cstackBANK1   00174
prvTickISR@_s_971                                    cstackBANK1   00176
prvTickISR@_s_973                                    cstackBANK1   00178
prvTickISR@_s_975                                    cstackBANK1   0017A
prvTickISR@_s_977                                    cstackBANK1   0017C
prvTickISR@_s_979                                    cstackBANK1   0017E
prvTickISR@_s_981                                    cstackBANK1   00180
prvTickISR@_s_983                                    cstackBANK1   00182
prvTickISR@_s_985                                    cstackBANK1   00184
prvTickISR@dt                                        cstackBANK1   0018A
prvTickISR@dt_848                                    cstackBANK1   00186
putch@c                                              cstackBANK0   00091
putstring@c                                          cstackBANK0   00092
putstring@i                                          cstackBANK0   00096
pvPortMalloc@pvReturn                                cstackBANK2   002BB
pvPortMalloc@pxBlock                                 cstackBANK2   002C1
pvPortMalloc@pxNewBlockLink                          cstackBANK2   002BD
pvPortMalloc@pxPreviousBlock                         cstackBANK2   002BF
pvPortMalloc@xWantedSize                             cstackBANK2   002B7
pxCurrentTCB_point@dt                                cstackBANK0   00091
pxPortInitialiseStack@_s                             cstackBANK2   00249
pxPortInitialiseStack@pvParameters                   cstackBANK2   00246
pxPortInitialiseStack@pxCode                         cstackBANK2   00243
pxPortInitialiseStack@pxTopOfStack                   cstackBANK2   00241
pxPortInitialiseStack@temp                           cstackBANK2   0024B
pxPortInitialiseStack@ucBlock                        cstackBANK2   0024D
pxPortInitialiseStack@ulAddress                      cstackBANK2   0024E
pxReadyTasksLists_info@_s                            cstackBANK2   00247
pxReadyTasksLists_info@i                             cstackBANK2   0024A
pxReadyTasksLists_info@j                             cstackBANK2   00249
pxReadyTasksLists_info@xlist                         cstackBANK2   0024B
stack_ptr_disp@dt                                    cstackCOMRAM  00004
stack_ptr_disp@i                                     cstackCOMRAM  00007
stack_ptr_disp@j                                     cstackCOMRAM  00006
stackhi                                              (abs)         00000
stacklo                                              (abs)         00000
start                                                init          00012
start_initialization                                 cinit         03960
task001@_s                                           cstackBANK2   002BC
task001@pvParameters                                 cstackBANK2   002BA
task002@_s                                           cstackBANK2   002BC
task002@pvParameters                                 cstackBANK2   002BA
taskInfo@tcb                                         cstackBANK2   00241
ttemp5                                               temp          00060
ttemp6                                               temp          00063
ttemp7                                               temp          00067
uart_init@dt                                         cstackBANK0   00093
uxListRemove@pxItemToRemove                          cstackBANK0   00091
uxListRemove@pxList                                  cstackBANK0   00095
uxTaskGetSystemState@pulTotalRunTime                 cstackBANK2   002D6
uxTaskGetSystemState@pxTaskStatusArray               cstackBANK2   002D3
uxTaskGetSystemState@uxArraySize                     cstackBANK2   002D5
uxTaskGetSystemState@uxQueue                         cstackBANK2   002DA
uxTaskGetSystemState@uxTask                          cstackBANK2   002DB
vListInitialise@pxList                               cstackBANK0   00091
vListInitialiseItem@pxItem                           cstackBANK0   00091
vListInsert@pxIterator                               cstackBANK0   0009B
vListInsert@pxList                                   cstackBANK0   00091
vListInsert@pxNewListItem                            cstackBANK0   00093
vListInsert@xValueOfInsertion                        cstackBANK0   00099
vPortFree@puc                                        cstackBANK2   002BB
vPortFree@pv                                         cstackBANK2   002B7
vPortFree@pxLink                                     cstackBANK2   002BD
vPortYield@_s                                        cstackBANK2   00266
vPortYield@_s_775                                    cstackBANK2   00268
vPortYield@_s_777                                    cstackBANK2   0026A
vPortYield@_s_779                                    cstackBANK2   0026C
vPortYield@_s_781                                    cstackBANK2   0026E
vPortYield@_s_783                                    cstackBANK2   00270
vPortYield@_s_785                                    cstackBANK2   00272
vPortYield@_s_787                                    cstackBANK2   00274
vPortYield@_s_789                                    cstackBANK2   00276
vPortYield@_s_791                                    cstackBANK2   00278
vPortYield@_s_793                                    cstackBANK2   0027A
vPortYield@_s_795                                    cstackBANK2   0027C
vPortYield@_s_797                                    cstackBANK2   0027E
vPortYield@_s_799                                    cstackBANK2   00280
vPortYield@_s_801                                    cstackBANK2   00282
vPortYield@_s_803                                    cstackBANK2   00284
vPortYield@_s_805                                    cstackBANK2   00286
vPortYield@_s_807                                    cstackBANK2   00288
vPortYield@_s_809                                    cstackBANK2   0028A
vPortYield@_s_811                                    cstackBANK2   0028C
vPortYield@_s_813                                    cstackBANK2   0028E
vPortYield@_s_815                                    cstackBANK2   00290
vPortYield@_s_817                                    cstackBANK2   00292
vPortYield@_s_819                                    cstackBANK2   00294
vPortYield@_s_821                                    cstackBANK2   00296
vPortYield@_s_823                                    cstackBANK2   00298
vPortYield@_s_825                                    cstackBANK2   0029A
vPortYield@_s_827                                    cstackBANK2   0029C
vPortYield@_s_829                                    cstackBANK2   0029E
vPortYield@_s_831                                    cstackBANK2   002A0
vPortYield@_s_833                                    cstackBANK2   002A2
vPortYield@dt                                        cstackBANK2   002A4
vStartPolledQueueTasks@xPolledQueue                  bssCOMRAM     0005C
vTaskDelay@xAlreadyYielded                           cstackBANK2   002B9
vTaskDelay@xTicksToDelay                             cstackBANK2   002B7
vTaskGetInfo@eState                                  cstackBANK2   002BC
vTaskGetInfo@pxTCB                                   cstackBANK2   002BF
vTaskGetInfo@pxTaskStatus                            cstackBANK2   002B9
vTaskGetInfo@xGetFreeStackSpace                      cstackBANK2   002BB
vTaskGetInfo@xTask                                   cstackBANK2   002B7
vTaskList@cStatus                                    cstackBANK2   002DF
vTaskList@pcWriteBuffer                              cstackBANK2   002DC
vTaskList@pxTaskStatusArray                          cstackBANK2   002E1
vTaskList@uxArraySize                                cstackBANK2   002DE
vTaskList@x                                          cstackBANK2   002E0
vTaskStartScheduler@xReturn                          cstackBANK3   003AE
vTaskSwitchContext@_s                                cstackBANK2   00249
vTaskSwitchContext@_s_4780                           cstackBANK2   0024B
vTaskSwitchContext@_s_4782                           cstackBANK2   0024D
vTaskSwitchContext@_s_4784                           cstackBANK2   0024F
vTaskSwitchContext@_s_4786                           cstackBANK2   00251
vTaskSwitchContext@_s_4788                           cstackBANK2   00253
vTaskSwitchContext@_s_4790                           cstackBANK2   00255
vTaskSwitchContext@_s_4794                           cstackBANK2   00257
vTaskSwitchContext@_s_4796                           cstackBANK2   00259
vTaskSwitchContext@_s_4820                           cstackBANK2   0025B
vTaskSwitchContext@_s_4822                           cstackBANK2   0025D
vTaskSwitchContext@pxConstList                       cstackBANK2   00260
vTaskSwitchContext@uxTopPriority                     cstackBANK2   0025F
wtemp8                                               temp          00060
xTaskCreate@_s                                       cstackBANK3   003A6
xTaskCreate@mAdd                                     cstackBANK3   003A8
xTaskCreate@pcName                                   cstackBANK3   00398
xTaskCreate@pvParameters                             cstackBANK3   0039C
xTaskCreate@pxCreatedTask                            cstackBANK3   0039F
xTaskCreate@pxNewTCB                                 cstackBANK3   003AC
xTaskCreate@pxTaskCode                               cstackBANK3   00395
xTaskCreate@usStackDepth                             cstackBANK3   0039A
xTaskCreate@uxPriority                               cstackBANK3   0039E
xTaskCreate@xReturn                                  cstackBANK3   003A5
xTaskIncrementTick@_s                                cstackBANK2   0024A
xTaskIncrementTick@_s_4459                           cstackBANK2   0024C
xTaskIncrementTick@_s_4462                           cstackBANK2   0024E
xTaskIncrementTick@_s_4464                           cstackBANK2   00250
xTaskIncrementTick@_s_4510                           cstackBANK2   00252
xTaskIncrementTick@_s_4512                           cstackBANK2   00254
xTaskIncrementTick@_s_4514                           cstackBANK2   00256
xTaskIncrementTick@_s_4516                           cstackBANK2   00258
xTaskIncrementTick@_s_4518                           cstackBANK2   0025A
xTaskIncrementTick@_s_4546                           cstackBANK2   0025C
xTaskIncrementTick@_s_4622                           cstackBANK2   0025E
xTaskIncrementTick@_s_4765                           cstackBANK2   00260
xTaskIncrementTick@_s_4767                           cstackBANK2   00262
xTaskIncrementTick@_s_4769                           cstackBANK2   00264
xTaskIncrementTick@_s_4771                           cstackBANK2   00266
xTaskIncrementTick@_s_4773                           cstackBANK2   00268
xTaskIncrementTick@_s_4775                           cstackBANK2   0026A
xTaskIncrementTick@pxIndex                           cstackBANK2   00270
xTaskIncrementTick@pxList                            cstackBANK2   0026C
xTaskIncrementTick@pxList_4625                       cstackBANK2   0026E
xTaskIncrementTick@pxTCB                             cstackBANK2   00274
xTaskIncrementTick@pxTemp                            cstackBANK2   00245
xTaskIncrementTick@xConstTickCount                   cstackBANK2   00272
xTaskIncrementTick@xItemValue                        cstackBANK2   00247
xTaskIncrementTick@xSwitchRequired                   cstackBANK2   00249
xTaskResumeAll@pxIndex                               cstackBANK2   002B3
xTaskResumeAll@pxList                                cstackBANK2   002AF
xTaskResumeAll@pxList_4251                           cstackBANK2   002B1
xTaskResumeAll@pxTCB                                 cstackBANK2   002B5
xTaskResumeAll@xAlreadyYielded                       cstackBANK2   002AC
xTaskResumeAll@xPendedCounts                         cstackBANK2   002AD


MODULE INFORMATION

Module		Function		Class		Link	Load	Size
C:\Program Files\Microchip\xc8\v2.41\pic\sources\c99\common\Umul32.c
		___lmul        		CODE           	383C	0000	108

C:\Program Files\Microchip\xc8\v2.41\pic\sources\c99\common\Umul32.c estimated size: 108

Source/FreeRTOS/MemMang/heap_4.c
		_vPortFree     		CODE           	2AE4	0000	284
		_pvPortMalloc  		CODE           	0D94	0000	598
		_prvHeapInit   		CODE           	30F2	0000	228
		_prvInsertBlockIntoFreeList		CODE           	155E	0000	454

Source/FreeRTOS/MemMang/heap_4.c estimated size: 1564

C:\Program Files\Microchip\xc8\v2.41\pic\sources\c99\common\fltol.c
		___fltol       		CODE           	2D10	0000	264

C:\Program Files\Microchip\xc8\v2.41\pic\sources\c99\common\fltol.c estimated size: 264

C:\Program Files\Microchip\xc8\v2.41\pic\sources\c99\common\xxtofl.c
		___xxtofl      		CODE           	1724	0000	440

C:\Program Files\Microchip\xc8\v2.41\pic\sources\c99\common\xxtofl.c estimated size: 440

C:\Program Files\Microchip\xc8\v2.41\pic\sources\c99\common\memset.c
		_memset        		CODE           	1F62	0000	376

C:\Program Files\Microchip\xc8\v2.41\pic\sources\c99\common\memset.c estimated size: 376

Source/main1.c
		_task001       		CODE           	3008	0000	234
		_main          		CODE           	223A	0000	338
		_Wait          		CODE           	3C0A	0000	60
		_task002       		CODE           	2F1E	0000	234

Source/main1.c estimated size: 866

C:\Program Files\Microchip\xc8\v2.41\pic\sources\c99\common\sprcadd.c
		___flsub       		CODE           	3B40	0000	72
		___fladd       		CODE           	1D6FC	0000	1338

C:\Program Files\Microchip\xc8\v2.41\pic\sources\c99\common\sprcadd.c estimated size: 1410

C:\Program Files\Microchip\xc8\v2.41\pic\sources\c99\common\awdiv.c
		___awdiv       		CODE           	32AE	0000	198

C:\Program Files\Microchip\xc8\v2.41\pic\sources\c99\common\awdiv.c estimated size: 198

C:\Program Files\Microchip\xc8\v2.41\pic\sources\c99\common\flneg.c
		___flneg       		CODE           	3C82	0000	58

C:\Program Files\Microchip\xc8\v2.41\pic\sources\c99\common\flneg.c estimated size: 58

shared
		i1_putch       		CODE           	3E32	0000	22
		i1_my_puts     		CODE           	3A0E	0000	82
		i1_my_putint   		CODE           	238C	0000	328
		_uxTopUsedPriority		MEDIUMCONST    	F717	0000	1
		i1_my_putchar  		CODE           	3DFE	0000	28
		i1_my_putshex  		CODE           	1F9B2	0000	870
		i1_pxCurrentTCB_point		CODE           	3C46	0000	60
		i1_my_putfloat 		CODE           	18DC	0000	438
		i1_my_putshex32		CODE           	289E	0000	298
		i1___flneg     		CODE           	3CBC	0000	56
		i1___awdiv     		CODE           	3374	0000	196
		i1___fladd     		CODE           	1DC36	0000	1216
		i1___wmul      		CODE           	3D98	0000	38
		i1___fltol     		CODE           	2E18	0000	262
		__initialization		CODE           	3960	0000	80
		i1_prvResetNextTaskUnblockTime		CODE           	3AF6	0000	74
		i1_vTaskSwitchContext		CODE           	19522	0000	5214
		i1_Xprintf     		CODE           	0366	0000	720
		_ConvC         		MEDIUMCONST    	F705	0000	16
		i1___flmul     		CODE           	1EE3E	0000	1066
		i1___xxtofl    		CODE           	1A92	0000	436
		i1_xTaskIncrementTick		CODE           	1A980	0000	4958
		i1___flsub     		CODE           	3B88	0000	70
		_xHeapStructSize		MEDIUMCONST    	0000	0000	0
		i1_putstring   		CODE           	3660	0000	130

shared estimated size: 16659

C:\Program Files\Microchip\xc8\v2.41\pic\sources\c99\common\Umul16.c
		___wmul        		CODE           	3D48	0000	40

C:\Program Files\Microchip\xc8\v2.41\pic\sources\c99\common\Umul16.c estimated size: 40

Source/uart_main.c
		_putstring     		CODE           	34D0	0000	136
		_putch         		CODE           	3E1A	0000	24
		_Xprintf       		CODE           	1FD18	0000	730
		_uart_init     		CODE           	3904	0000	92
		_Set_UasrtBauRaite		CODE           	3CF4	0000	44
		_my_puts       		CODE           	39BA	0000	84
		_my_putchar    		CODE           	3DDE	0000	32
		_my_putshex    		CODE           	1F64A	0000	872
		_my_putshex32  		CODE           	275E	0000	320
		_my_putfloat   		CODE           	1398	0000	454
		_my_putint     		CODE           	20DA	0000	352

Source/uart_main.c estimated size: 3140

Source/FreeRTOS/list.c
		_vListInsert   		CODE           	29C8	0000	284
		_vListInitialiseItem		CODE           	3E48	0000	20
		_uxListRemove  		CODE           	31D6	0000	216
		_vListInitialise		CODE           	35DE	0000	130

Source/FreeRTOS/list.c estimated size: 650

Source/FreeRTOS/tasks.c
		_prvTaskCheckFreeStackSpace		CODE           	3A60	0000	76
		_taskInfo      		CODE           	0636	0000	640
		_xTaskCreate   		CODE           	1E5B0	0000	1120
		_vTaskSuspendAll		CODE           	1FFF2	0000	6
		_prvInitialiseNewTask		CODE           	0016	0000	848
		_uxTaskGetSystemState		CODE           	261A	0000	324
		_prvAddCurrentTaskToDelayedList		CODE           	1C46	0000	406
		_vTaskStartScheduler		CODE           	2C00	0000	272
		_prvIdleTask_entry		CODE           	3E5C	0000	16
		_eTaskGetState 		CODE           	1DDC	0000	390
		_vTaskDelay    		CODE           	3758	0000	116
		_pxReadyTasksLists_info		CODE           	1CFFE	0000	1790
		_vTaskGetInfo  		CODE           	0FEA	0000	484
		_xTaskResumeAll		CODE           	1EA10	0000	1070
		_prvCheckTasksWaitingTermination		CODE           	37CC	0000	112
		_prvDeleteTCB  		CODE           	3D20	0000	40
		_prvListTasksWithinSingleList		CODE           	11CE	0000	458
		_prvInitialiseTaskLists		CODE           	3558	0000	134
		_prvAddNewTaskToReadyList		CODE           	08B6	0000	632
		_xTaskIncrementTick		CODE           	1BCDE	0000	4896
		_pxCurrentTCB_point		CODE           	3BCE	0000	60
		_vTaskSwitchContext		CODE           	180BE	0000	5220
		_prvIdleTask   		CODE           	3DBE	0000	32
		_prvResetNextTaskUnblockTime		CODE           	3AAC	0000	74
		_vTaskList     		CODE           	0B2E	0000	614

Source/FreeRTOS/tasks.c estimated size: 19830

Source/FreeRTOS/portable/PIC18F/port.c
		_pxPortInitialiseStack		CODE           	1F268	0000	994
		_xPortStartScheduler		CODE           	38A8	0000	92
		_high_isr      		CODE           	0008	0000	10
		_timer0_ISR    		CODE           	36E2	0000	118
		_vPortYield    		CODE           	15D58	0000	9062
		_prvSetupTimerInterrupt		CODE           	3438	0000	152
		_high_isr_main 		CODE           	3D70	0000	40
		_prvTickISR    		CODE           	10000	0000	23896
		_stack_ptr_disp		CODE           	24D4	0000	326

Source/FreeRTOS/portable/PIC18F/port.c estimated size: 34690

C:\Program Files\Microchip\xc8\v2.41\pic\sources\c99\common\sprcmul.c
		___flmul       		CODE           	1E0F6	0000	1210

C:\Program Files\Microchip\xc8\v2.41\pic\sources\c99\common\sprcmul.c estimated size: 1210

